Archive member included to satisfy reference by file (symbol)

/home/jared/st/stm32cubeide_1.14.0/plugins/com.st.stm32cube.ide.mcu.externaltools.gnu-tools-for-stm32.11.3.rel1.linux64_1.1.100.202309141235/tools/bin/../lib/gcc/arm-none-eabi/11.3.1/../../../../arm-none-eabi/lib/thumb/v7e-m+fp/hard/libc_nano.a(libc_a-exit.o)
                              /home/jared/st/stm32cubeide_1.14.0/plugins/com.st.stm32cube.ide.mcu.externaltools.gnu-tools-for-stm32.11.3.rel1.linux64_1.1.100.202309141235/tools/bin/../lib/gcc/arm-none-eabi/11.3.1/../../../../arm-none-eabi/lib/thumb/v7e-m+fp/hard/crt0.o (exit)
/home/jared/st/stm32cubeide_1.14.0/plugins/com.st.stm32cube.ide.mcu.externaltools.gnu-tools-for-stm32.11.3.rel1.linux64_1.1.100.202309141235/tools/bin/../lib/gcc/arm-none-eabi/11.3.1/../../../../arm-none-eabi/lib/thumb/v7e-m+fp/hard/libc_nano.a(libc_a-findfp.o)
                              /home/jared/st/stm32cubeide_1.14.0/plugins/com.st.stm32cube.ide.mcu.externaltools.gnu-tools-for-stm32.11.3.rel1.linux64_1.1.100.202309141235/tools/bin/../lib/gcc/arm-none-eabi/11.3.1/../../../../arm-none-eabi/lib/thumb/v7e-m+fp/hard/libc_nano.a(libc_a-exit.o) (__stdio_exit_handler)
/home/jared/st/stm32cubeide_1.14.0/plugins/com.st.stm32cube.ide.mcu.externaltools.gnu-tools-for-stm32.11.3.rel1.linux64_1.1.100.202309141235/tools/bin/../lib/gcc/arm-none-eabi/11.3.1/../../../../arm-none-eabi/lib/thumb/v7e-m+fp/hard/libc_nano.a(libc_a-fwalk.o)
                              /home/jared/st/stm32cubeide_1.14.0/plugins/com.st.stm32cube.ide.mcu.externaltools.gnu-tools-for-stm32.11.3.rel1.linux64_1.1.100.202309141235/tools/bin/../lib/gcc/arm-none-eabi/11.3.1/../../../../arm-none-eabi/lib/thumb/v7e-m+fp/hard/libc_nano.a(libc_a-findfp.o) (_fwalk_sglue)
/home/jared/st/stm32cubeide_1.14.0/plugins/com.st.stm32cube.ide.mcu.externaltools.gnu-tools-for-stm32.11.3.rel1.linux64_1.1.100.202309141235/tools/bin/../lib/gcc/arm-none-eabi/11.3.1/../../../../arm-none-eabi/lib/thumb/v7e-m+fp/hard/libc_nano.a(libc_a-stdio.o)
                              /home/jared/st/stm32cubeide_1.14.0/plugins/com.st.stm32cube.ide.mcu.externaltools.gnu-tools-for-stm32.11.3.rel1.linux64_1.1.100.202309141235/tools/bin/../lib/gcc/arm-none-eabi/11.3.1/../../../../arm-none-eabi/lib/thumb/v7e-m+fp/hard/libc_nano.a(libc_a-findfp.o) (__sread)
/home/jared/st/stm32cubeide_1.14.0/plugins/com.st.stm32cube.ide.mcu.externaltools.gnu-tools-for-stm32.11.3.rel1.linux64_1.1.100.202309141235/tools/bin/../lib/gcc/arm-none-eabi/11.3.1/../../../../arm-none-eabi/lib/thumb/v7e-m+fp/hard/libc_nano.a(libc_a-memset.o)
                              /home/jared/st/stm32cubeide_1.14.0/plugins/com.st.stm32cube.ide.mcu.externaltools.gnu-tools-for-stm32.11.3.rel1.linux64_1.1.100.202309141235/tools/bin/../lib/gcc/arm-none-eabi/11.3.1/../../../../arm-none-eabi/lib/thumb/v7e-m+fp/hard/crt0.o (memset)
/home/jared/st/stm32cubeide_1.14.0/plugins/com.st.stm32cube.ide.mcu.externaltools.gnu-tools-for-stm32.11.3.rel1.linux64_1.1.100.202309141235/tools/bin/../lib/gcc/arm-none-eabi/11.3.1/../../../../arm-none-eabi/lib/thumb/v7e-m+fp/hard/libc_nano.a(libc_a-closer.o)
                              /home/jared/st/stm32cubeide_1.14.0/plugins/com.st.stm32cube.ide.mcu.externaltools.gnu-tools-for-stm32.11.3.rel1.linux64_1.1.100.202309141235/tools/bin/../lib/gcc/arm-none-eabi/11.3.1/../../../../arm-none-eabi/lib/thumb/v7e-m+fp/hard/libc_nano.a(libc_a-stdio.o) (_close_r)
/home/jared/st/stm32cubeide_1.14.0/plugins/com.st.stm32cube.ide.mcu.externaltools.gnu-tools-for-stm32.11.3.rel1.linux64_1.1.100.202309141235/tools/bin/../lib/gcc/arm-none-eabi/11.3.1/../../../../arm-none-eabi/lib/thumb/v7e-m+fp/hard/libc_nano.a(libc_a-reent.o)
                              /home/jared/st/stm32cubeide_1.14.0/plugins/com.st.stm32cube.ide.mcu.externaltools.gnu-tools-for-stm32.11.3.rel1.linux64_1.1.100.202309141235/tools/bin/../lib/gcc/arm-none-eabi/11.3.1/../../../../arm-none-eabi/lib/thumb/v7e-m+fp/hard/libc_nano.a(libc_a-closer.o) (errno)
/home/jared/st/stm32cubeide_1.14.0/plugins/com.st.stm32cube.ide.mcu.externaltools.gnu-tools-for-stm32.11.3.rel1.linux64_1.1.100.202309141235/tools/bin/../lib/gcc/arm-none-eabi/11.3.1/../../../../arm-none-eabi/lib/thumb/v7e-m+fp/hard/libc_nano.a(libc_a-impure.o)
                              /home/jared/st/stm32cubeide_1.14.0/plugins/com.st.stm32cube.ide.mcu.externaltools.gnu-tools-for-stm32.11.3.rel1.linux64_1.1.100.202309141235/tools/bin/../lib/gcc/arm-none-eabi/11.3.1/../../../../arm-none-eabi/lib/thumb/v7e-m+fp/hard/libc_nano.a(libc_a-reent.o) (_impure_ptr)
/home/jared/st/stm32cubeide_1.14.0/plugins/com.st.stm32cube.ide.mcu.externaltools.gnu-tools-for-stm32.11.3.rel1.linux64_1.1.100.202309141235/tools/bin/../lib/gcc/arm-none-eabi/11.3.1/../../../../arm-none-eabi/lib/thumb/v7e-m+fp/hard/libc_nano.a(libc_a-lseekr.o)
[...]
Memory Configuration

Name             Origin             Length             Attributes
RAM              0x0000000020000000 0x0000000000020000 xrw
FLASH            0x0000000008000000 0x0000000000080000 xr
*default*        0x0000000000000000 0xffffffffffffffff

Linker script and memory map

LOAD /home/jared/st/stm32cubeide_1.14.0/plugins/com.st.stm32cube.ide.mcu.externaltools.gnu-tools-for-stm32.11.3.rel1.linux64_1.1.100.202309141235/tools/bin/../lib/gcc/arm-none-eabi/11.3.1/thumb/v7e-m+fp/hard/crti.o
LOAD /home/jared/st/stm32cubeide_1.14.0/plugins/com.st.stm32cube.ide.mcu.externaltools.gnu-tools-for-stm32.11.3.rel1.linux64_1.1.100.202309141235/tools/bin/../lib/gcc/arm-none-eabi/11.3.1/thumb/v7e-m+fp/hard/crtbegin.o
LOAD /home/jared/st/stm32cubeide_1.14.0/plugins/com.st.stm32cube.ide.mcu.externaltools.gnu-tools-for-stm32.11.3.rel1.linux64_1.1.100.202309141235/tools/bin/../lib/gcc/arm-none-eabi/11.3.1/../../../../arm-none-eabi/lib/thumb/v7e-m+fp/hard/crt0.o
LOAD ./Core/Src/I2C_Controller.o
LOAD ./Core/Src/Motor.o
LOAD ./Core/Src/Motor_Controller.o
LOAD ./Core/Src/main.o
LOAD ./Core/Src/stm32f4xx_hal_msp.o
LOAD ./Core/Src/stm32f4xx_it.o
LOAD ./Core/Src/syscalls.o
LOAD ./Core/Src/sysmem.o
LOAD ./Core/Src/system_stm32f4xx.o
LOAD ./Core/Startup/startup_stm32f446retx.o
LOAD ./Drivers/STM32F4xx_HAL_Driver/Src/stm32f4xx_hal.o
LOAD ./Drivers/STM32F4xx_HAL_Driver/Src/stm32f4xx_hal_cortex.o
LOAD ./Drivers/STM32F4xx_HAL_Driver/Src/stm32f4xx_hal_dma.o
LOAD ./Drivers/STM32F4xx_HAL_Driver/Src/stm32f4xx_hal_dma_ex.o
LOAD ./Drivers/STM32F4xx_HAL_Driver/Src/stm32f4xx_hal_exti.o
LOAD ./Drivers/STM32F4xx_HAL_Driver/Src/stm32f4xx_hal_flash.o
LOAD ./Drivers/STM32F4xx_HAL_Driver/Src/stm32f4xx_hal_flash_ex.o
LOAD ./Drivers/STM32F4xx_HAL_Driver/Src/stm32f4xx_hal_flash_ramfunc.o
LOAD ./Drivers/STM32F4xx_HAL_Driver/Src/stm32f4xx_hal_gpio.o
LOAD ./Drivers/STM32F4xx_HAL_Driver/Src/stm32f4xx_hal_i2c.o
LOAD ./Drivers/STM32F4xx_HAL_Driver/Src/stm32f4xx_hal_i2c_ex.o
LOAD ./Drivers/STM32F4xx_HAL_Driver/Src/stm32f4xx_hal_pwr.o
LOAD ./Drivers/STM32F4xx_HAL_Driver/Src/stm32f4xx_hal_pwr_ex.o
LOAD ./Drivers/STM32F4xx_HAL_Driver/Src/stm32f4xx_hal_rcc.o
LOAD ./Drivers/STM32F4xx_HAL_Driver/Src/stm32f4xx_hal_rcc_ex.o
LOAD ./Drivers/STM32F4xx_HAL_Driver/Src/stm32f4xx_hal_tim.o
LOAD ./Drivers/STM32F4xx_HAL_Driver/Src/stm32f4xx_hal_tim_ex.o
LOAD ./Drivers/STM32F4xx_HAL_Driver/Src/stm32f4xx_hal_uart.o
START GROUP
LOAD /home/jared/st/stm32cubeide_1.14.0/plugins/com.st.stm32cube.ide.mcu.externaltools.gnu-tools-for-stm32.11.3.rel1.linux64_1.1.100.202309141235/tools/bin/../lib/gcc/arm-none-eabi/11.3.1/../../../../arm-none-eabi/lib/thumb/v7e-m+fp/hard/libstdc++_nano.a
LOAD /home/jared/st/stm32cubeide_1.14.0/plugins/com.st.stm32cube.ide.mcu.externaltools.gnu-tools-for-stm32.11.3.rel1.linux64_1.1.100.202309141235/tools/bin/../lib/gcc/arm-none-eabi/11.3.1/../../../../arm-none-eabi/lib/thumb/v7e-m+fp/hard/libsupc++_nano.a
END GROUP
LOAD /home/jared/st/stm32cubeide_1.14.0/plugins/com.st.stm32cube.ide.mcu.externaltools.gnu-tools-for-stm32.11.3.rel1.linux64_1.1.100.202309141235/tools/bin/../lib/gcc/arm-none-eabi/11.3.1/../../../../arm-none-eabi/lib/thumb/v7e-m+fp/hard/libstdc++_nano.a
LOAD /home/jared/st/stm32cubeide_1.14.0/plugins/com.st.stm32cube.ide.mcu.externaltools.gnu-tools-for-stm32.11.3.rel1.linux64_1.1.100.202309141235/tools/bin/../lib/gcc/arm-none-eabi/11.3.1/../../../../arm-none-eabi/lib/thumb/v7e-m+fp/hard/libm.a
LOAD /home/jared/st/stm32cubeide_1.14.0/plugins/com.st.stm32cube.ide.mcu.externaltools.gnu-tools-for-stm32.11.3.rel1.linux64_1.1.100.202309141235/tools/bin/../lib/gcc/arm-none-eabi/11.3.1/../../../../arm-none-eabi/lib/thumb/v7e-m+fp/hard/libc_nano.a
START GROUP
LOAD /home/jared/st/stm32cubeide_1.14.0/plugins/com.st.stm32cube.ide.mcu.externaltools.gnu-tools-for-stm32.11.3.rel1.linux64_1.1.100.202309141235/tools/bin/../lib/gcc/arm-none-eabi/11.3.1/thumb/v7e-m+fp/hard/libgcc.a
LOAD /home/jared/st/stm32cubeide_1.14.0/plugins/com.st.stm32cube.ide.mcu.externaltools.gnu-tools-for-stm32.11.3.rel1.linux64_1.1.100.202309141235/tools/bin/../lib/gcc/arm-none-eabi/11.3.1/../../../../arm-none-eabi/lib/thumb/v7e-m+fp/hard/libc_nano.a
END GROUP
START GROUP
LOAD /home/jared/st/stm32cubeide_1.14.0/plugins/com.st.stm32cube.ide.mcu.externaltools.gnu-tools-for-stm32.11.3.rel1.linux64_1.1.100.202309141235/tools/bin/../lib/gcc/arm-none-eabi/11.3.1/thumb/v7e-m+fp/hard/libgcc.a
LOAD /home/jared/st/stm32cubeide_1.14.0/plugins/com.st.stm32cube.ide.mcu.externaltools.gnu-tools-for-stm32.11.3.rel1.linux64_1.1.100.202309141235/tools/bin/../lib/gcc/arm-none-eabi/11.3.1/../../../../arm-none-eabi/lib/thumb/v7e-m+fp/hard/libc_nano.a
LOAD /home/jared/st/stm32cubeide_1.14.0/plugins/com.st.stm32cube.ide.mcu.externaltools.gnu-tools-for-stm32.11.3.rel1.linux64_1.1.100.202309141235/tools/bin/../lib/gcc/arm-none-eabi/11.3.1/../../../../arm-none-eabi/lib/thumb/v7e-m+fp/hard/libnosys.a
END GROUP
START GROUP
LOAD /home/jared/st/stm32cubeide_1.14.0/plugins/com.st.stm32cube.ide.mcu.externaltools.gnu-tools-for-stm32.11.3.rel1.linux64_1.1.100.202309141235/tools/bin/../lib/gcc/arm-none-eabi/11.3.1/thumb/v7e-m+fp/hard/libgcc.a
LOAD /home/jared/st/stm32cubeide_1.14.0/plugins/com.st.stm32cube.ide.mcu.externaltools.gnu-tools-for-stm32.11.3.rel1.linux64_1.1.100.202309141235/tools/bin/../lib/gcc/arm-none-eabi/11.3.1/../../../../arm-none-eabi/lib/thumb/v7e-m+fp/hard/libc_nano.a
LOAD /home/jared/st/stm32cubeide_1.14.0/plugins/com.st.stm32cube.ide.mcu.externaltools.gnu-tools-for-stm32.11.3.rel1.linux64_1.1.100.202309141235/tools/bin/../lib/gcc/arm-none-eabi/11.3.1/../../../../arm-none-eabi/lib/thumb/v7e-m+fp/hard/libnosys.a
END GROUP
LOAD /home/jared/st/stm32cubeide_1.14.0/plugins/com.st.stm32cube.ide.mcu.externaltools.gnu-tools-for-stm32.11.3.rel1.linux64_1.1.100.202309141235/tools/bin/../lib/gcc/arm-none-eabi/11.3.1/thumb/v7e-m+fp/hard/crtend.o
LOAD /home/jared/st/stm32cubeide_1.14.0/plugins/com.st.stm32cube.ide.mcu.externaltools.gnu-tools-for-stm32.11.3.rel1.linux64_1.1.100.202309141235/tools/bin/../lib/gcc/arm-none-eabi/11.3.1/thumb/v7e-m+fp/hard/crtn.o
                0x0000000020020000                _estack = (ORIGIN (RAM) + LENGTH (RAM))
                0x0000000000000200                _Min_Heap_Size = 0x200
                0x0000000000000400                _Min_Stack_Size = 0x400

.isr_vector     0x0000000008000000      0x1c4
                0x0000000008000000                . = ALIGN (0x4)
 *(.isr_vector)
 .isr_vector    0x0000000008000000      0x1c4 ./Core/Startup/startup_stm32f446retx.o
                0x0000000008000000                g_pfnVectors
                0x00000000080001c4                . = ALIGN (0x4)

.text           0x00000000080001c8     0x8798
                0x00000000080001c8                . = ALIGN (0x4)
 *(.text)
 .text          0x00000000080001c8       0x40 /home/jared/st/stm32cubeide_1.14.0/plugins/com.st.stm32cube.ide.mcu.externaltools.gnu-tools-for-stm32.11.3.rel1.linux64_1.1.100.202309141235/tools/bin/../lib/gcc/arm-none-eabi/11.3.1/thumb/v7e-m+fp/hard/crtbegin.o
 .text          0x0000000008000208      0x378 /home/jared/st/stm32cubeide_1.14.0/plugins/com.st.stm32cube.ide.mcu.externaltools.gnu-tools-for-stm32.11.3.rel1.linux64_1.1.100.202309141235/tools/bin/../lib/gcc/arm-none-eabi/11.3.1/thumb/v7e-m+fp/hard/libgcc.a(_arm_addsubdf3.o)
                0x0000000008000208                __aeabi_drsub
                0x0000000008000210                __aeabi_dsub
                0x0000000008000210                __subdf3
                0x0000000008000214                __adddf3
                0x0000000008000214                __aeabi_dadd
                0x000000000800048c                __aeabi_ui2d
                0x000000000800048c                __floatunsidf
                0x00000000080004ac                __floatsidf
                0x00000000080004ac                __aeabi_i2d
                0x00000000080004d0                __extendsfdf2
                0x00000000080004d0                __aeabi_f2d
                0x0000000008000514                __aeabi_ul2d
                0x0000000008000514                __floatundidf
                0x0000000008000524                __floatdidf
                0x0000000008000524                __aeabi_l2d
 .text          0x0000000008000580      0x424 /home/jared/st/stm32cubeide_1.14.0/plugins/com.st.stm32cube.ide.mcu.externaltools.gnu-tools-for-stm32.11.3.rel1.linux64_1.1.100.202309141235/tools/bin/../lib/gcc/arm-none-eabi/11.3.1/thumb/v7e-m+fp/hard/libgcc.a(_arm_muldivdf3.o)
                0x0000000008000580                __aeabi_dmul
                0x0000000008000580                __muldf3
                0x00000000080007d4                __aeabi_ddiv
                0x00000000080007d4                __divdf3
 .text          0x00000000080009a4      0x110 /home/jared/st/stm32cubeide_1.14.0/plugins/com.st.stm32cube.ide.mcu.externaltools.gnu-tools-for-stm32.11.3.rel1.linux64_1.1.100.202309141235/tools/bin/../lib/gcc/arm-none-eabi/11.3.1/thumb/v7e-m+fp/hard/libgcc.a(_arm_cmpdf2.o)
                0x00000000080009a4                __gtdf2
                0x00000000080009a4                __gedf2
                0x00000000080009ac                __ltdf2
                0x00000000080009ac                __ledf2
                0x00000000080009b4                __cmpdf2
                0x00000000080009b4                __eqdf2
                0x00000000080009b4                __nedf2
                0x0000000008000a30                __aeabi_cdrcmple
                0x0000000008000a40                __aeabi_cdcmple
                0x0000000008000a40                __aeabi_cdcmpeq
                0x0000000008000a50                __aeabi_dcmpeq
                0x0000000008000a64                __aeabi_dcmplt
                0x0000000008000a78                __aeabi_dcmple
                0x0000000008000a8c                __aeabi_dcmpge
                0x0000000008000aa0                __aeabi_dcmpgt
 .text          0x0000000008000ab4       0xa0 /home/jared/st/stm32cubeide_1.14.0/plugins/com.st.stm32cube.ide.mcu.externaltools.gnu-tools-for-stm32.11.3.rel1.linux64_1.1.100.202309141235/tools/bin/../lib/gcc/arm-none-eabi/11.3.1/thumb/v7e-m+fp/hard/libgcc.a(_arm_truncdfsf2.o)
                0x0000000008000ab4                __aeabi_d2f
                0x0000000008000ab4                __truncdfsf2
 .text          0x0000000008000b54       0x30 /home/jared/st/stm32cubeide_1.14.0/plugins/com.st.stm32cube.ide.mcu.externaltools.gnu-tools-for-stm32.11.3.rel1.linux64_1.1.100.202309141235/tools/bin/../lib/gcc/arm-none-eabi/11.3.1/thumb/v7e-m+fp/hard/libgcc.a(_aeabi_uldivmod.o)
                0x0000000008000b54                __aeabi_uldivmod
 .text          0x0000000008000b84      0x2c8 /home/jared/st/stm32cubeide_1.14.0/plugins/com.st.stm32cube.ide.mcu.externaltools.gnu-tools-for-stm32.11.3.rel1.linux64_1.1.100.202309141235/tools/bin/../lib/gcc/arm-none-eabi/11.3.1/thumb/v7e-m+fp/hard/libgcc.a(_udivmoddi4.o)
                0x0000000008000b84                __udivmoddi4
 .text          0x0000000008000e4c        0x4 /home/jared/st/stm32cubeide_1.14.0/plugins/com.st.stm32cube.ide.mcu.externaltools.gnu-tools-for-stm32.11.3.rel1.linux64_1.1.100.202309141235/tools/bin/../lib/gcc/arm-none-eabi/11.3.1/thumb/v7e-m+fp/hard/libgcc.a(_dvmd_tls.o)
                0x0000000008000e4c                __aeabi_ldiv0
                0x0000000008000e4c                __aeabi_idiv0
 *(.text*)
 .text.Reset_I2C_Write_Message
                0x0000000008000e50       0x24 ./Core/Src/I2C_Controller.o
                0x0000000008000e50                Reset_I2C_Write_Message
 .text.Reset_I2C_CRC_Message
                0x0000000008000e74       0x24 ./Core/Src/I2C_Controller.o
                0x0000000008000e74                Reset_I2C_CRC_Message
 .text.Reinit_I2C
                0x0000000008000e98       0x40 ./Core/Src/I2C_Controller.o
                0x0000000008000e98                Reinit_I2C
 .text.Process_Ack_I2C
                0x0000000008000ed8       0x3a ./Core/Src/I2C_Controller.o
                0x0000000008000ed8                Process_Ack_I2C
 .text.I2C_ErrorCallback
                0x0000000008000f12       0x6c ./Core/Src/I2C_Controller.o
                0x0000000008000f12                I2C_ErrorCallback
 *fill*         0x0000000008000f7e        0x2 
 .text.I2C_AddrCallback
                0x0000000008000f80       0xec ./Core/Src/I2C_Controller.o
                0x0000000008000f80                I2C_AddrCallback
 .text.Set_Next_Motor_Command
                0x000000000800106c       0x28 ./Core/Src/I2C_Controller.o
                0x000000000800106c                Set_Next_Motor_Command
 .text.Set_Motor_Value
                0x0000000008001094       0x70 ./Core/Src/I2C_Controller.o
                0x0000000008001094                Set_Motor_Value
 .text.I2C_Compute_CRC
                0x0000000008001104       0x74 ./Core/Src/I2C_Controller.o
                0x0000000008001104                I2C_Compute_CRC
 .text.Process_I2C_Write_Message
                0x0000000008001178       0x90 ./Core/Src/I2C_Controller.o
                0x0000000008001178                Process_I2C_Write_Message
 .text.I2C_SlaveRxCpltCallback
                0x0000000008001208      0x154 ./Core/Src/I2C_Controller.o
                0x0000000008001208                I2C_SlaveRxCpltCallback
 .text.I2C_SlaveTxCpltCallback
                0x000000000800135c       0x6a ./Core/Src/I2C_Controller.o
                0x000000000800135c                I2C_SlaveTxCpltCallback
 .text.I2C_ListenCpltCallback
                0x00000000080013c6       0x32 ./Core/Src/I2C_Controller.o
                0x00000000080013c6                I2C_ListenCpltCallback
 .text.Init_I2C_Handle
                0x00000000080013f8       0x3c ./Core/Src/I2C_Controller.o
                0x00000000080013f8                Init_I2C_Handle
 .text.Get_Micros
                0x0000000008001434       0x1c ./Core/Src/Motor.o
                0x0000000008001434                Get_Micros
 .text.GPIO_Read
                0x0000000008001450       0x3e ./Core/Src/Motor.o
                0x0000000008001450                GPIO_Read
 .text.GPIO_Write
                0x000000000800148e       0x48 ./Core/Src/Motor.o
                0x000000000800148e                GPIO_Write
 .text.GPIO_Output_Init
                0x00000000080014d6       0x52 ./Core/Src/Motor.o
                0x00000000080014d6                GPIO_Output_Init
 .text.GPIO_Input_Init
                0x0000000008001528       0x4a ./Core/Src/Motor.o
                0x0000000008001528                GPIO_Input_Init
 .text.DAC_Set_Value
                0x0000000008001572       0x2c ./Core/Src/Motor.o
                0x0000000008001572                DAC_Set_Value
 .text.DAC_Init
                0x000000000800159e       0x32 ./Core/Src/Motor.o
                0x000000000800159e                DAC_Init
 .text.Reset_Motor
                0x00000000080015d0       0x46 ./Core/Src/Motor.o
                0x00000000080015d0                Reset_Motor
 .text.Set_Motor_Brake
                0x0000000008001616       0x2c ./Core/Src/Motor.o
                0x0000000008001616                Set_Motor_Brake
 .text.is_valid_hall_state
                0x0000000008001642       0x24 ./Core/Src/Motor.o
                0x0000000008001642                is_valid_hall_state
 .text.Init_Motor_Pins
                0x0000000008001666       0xba ./Core/Src/Motor.o
                0x0000000008001666                Init_Motor_Pins
 .text.Init_Motor_Pid_Position
                0x0000000008001720       0x2a ./Core/Src/Motor.o
                0x0000000008001720                Init_Motor_Pid_Position
 .text.Init_Motor_Pid_Velocity
                0x000000000800174a       0x2a ./Core/Src/Motor.o
                0x000000000800174a                Init_Motor_Pid_Velocity
 .text.Get_Hall_State
                0x0000000008001774       0x54 ./Core/Src/Motor.o
                0x0000000008001774                Get_Hall_State
 .text.Set_Motor_Direction
                0x00000000080017c8       0x2c ./Core/Src/Motor.o
                0x00000000080017c8                Set_Motor_Direction
 .text.Calculate_Motor_Position
                0x00000000080017f4       0xe8 ./Core/Src/Motor.o
                0x00000000080017f4                Calculate_Motor_Position
 .text.Calculate_Motor_Alignment
                0x00000000080018dc       0x5e ./Core/Src/Motor.o
                0x00000000080018dc                Calculate_Motor_Alignment
 *fill*         0x000000000800193a        0x2 
 .text.Update_Motor_Period_Elapsed
                0x000000000800193c      0x424 ./Core/Src/Motor.o
                0x000000000800193c                Update_Motor_Period_Elapsed
 .text.clamp_pid
                0x0000000008001d60       0x5c ./Core/Src/Motor.o
                0x0000000008001d60                clamp_pid
 .text.Update_Motor_DAC_PID_Position
                0x0000000008001dbc      0x2cc ./Core/Src/Motor.o
                0x0000000008001dbc                Update_Motor_DAC_PID_Position
 .text.Update_Motor_DAC_PID_Velocity
                0x0000000008002088      0x290 ./Core/Src/Motor.o
                0x0000000008002088                Update_Motor_DAC_PID_Velocity
 .text.Is_Valid_Motor_Command
                0x0000000008002318       0x24 ./Core/Src/Motor.o
                0x0000000008002318                Is_Valid_Motor_Command
 .text.Is_Valid_Value
                0x000000000800233c       0x24 ./Core/Src/Motor.o
                0x000000000800233c                Is_Valid_Value
 .text.Set_Motor_Command
                0x0000000008002360       0x60 ./Core/Src/Motor.o
                0x0000000008002360                Set_Motor_Command
 .text.Init_Motor_Timer
                0x00000000080023c0       0x50 ./Core/Src/Motor.o
                0x00000000080023c0                Init_Motor_Timer
 .text.Set_I2C_Handle
                0x0000000008002410       0x1e ./Core/Src/Motor_Controller.o
                0x0000000008002410                Set_I2C_Handle
 .text.Update_Multi_DAC
                0x000000000800242e       0xb6 ./Core/Src/Motor_Controller.o
                0x000000000800242e                Update_Multi_DAC
 .text.Update_All_DAC
                0x00000000080024e4       0x96 ./Core/Src/Motor_Controller.o
                0x00000000080024e4                Update_All_DAC
 .text.Set_DAC_Default
                0x000000000800257a       0xb8 ./Core/Src/Motor_Controller.o
                0x000000000800257a                Set_DAC_Default
 .text.Run_Stop_Command
                0x0000000008002632       0x3a ./Core/Src/Motor_Controller.o
                0x0000000008002632                Run_Stop_Command
 *fill*         0x000000000800266c        0x4 
 .text.Is_Position_Command_Done
                0x0000000008002670      0x100 ./Core/Src/Motor_Controller.o
                0x0000000008002670                Is_Position_Command_Done
 .text.Is_Velocity_Command_Done
                0x0000000008002770       0xe8 ./Core/Src/Motor_Controller.o
                0x0000000008002770                Is_Velocity_Command_Done
 .text.Run_Front_Position_Sync
                0x0000000008002858       0xf4 ./Core/Src/Motor_Controller.o
                0x0000000008002858                Run_Front_Position_Sync
 .text.Run_Back_Position_Sync
                0x000000000800294c      0x11c ./Core/Src/Motor_Controller.o
                0x000000000800294c                Run_Back_Position_Sync
 .text.Run_Left_Position_Sync
                0x0000000008002a68      0x104 ./Core/Src/Motor_Controller.o
                0x0000000008002a68                Run_Left_Position_Sync
 .text.Run_Right_Position_Sync
                0x0000000008002b6c      0x110 ./Core/Src/Motor_Controller.o
                0x0000000008002b6c                Run_Right_Position_Sync
 .text.Run_Sync_All_Position
                0x0000000008002c7c      0x150 ./Core/Src/Motor_Controller.o
                0x0000000008002c7c                Run_Sync_All_Position
 .text.Run_Front_Velocity_Sync
                0x0000000008002dcc      0x100 ./Core/Src/Motor_Controller.o
                0x0000000008002dcc                Run_Front_Velocity_Sync
 .text.Run_Back_Velocity_Sync
                0x0000000008002ecc      0x128 ./Core/Src/Motor_Controller.o
                0x0000000008002ecc                Run_Back_Velocity_Sync
 .text.Run_Left_Velocity_Sync
                0x0000000008002ff4      0x110 ./Core/Src/Motor_Controller.o
                0x0000000008002ff4                Run_Left_Velocity_Sync
 .text.Run_Right_Velocity_Sync
                0x0000000008003104      0x11c ./Core/Src/Motor_Controller.o
                0x0000000008003104                Run_Right_Velocity_Sync
 .text.Run_Sync_All_Velocity
                0x0000000008003220      0x15c ./Core/Src/Motor_Controller.o
                0x0000000008003220                Run_Sync_All_Velocity
 .text.HAL_I2C_ListenCpltCallback
                0x000000000800337c       0x1c ./Core/Src/main.o
                0x000000000800337c                HAL_I2C_ListenCpltCallback
 .text.HAL_I2C_ErrorCallback
                0x0000000008003398       0x1c ./Core/Src/main.o
                0x0000000008003398                HAL_I2C_ErrorCallback
 .text.HAL_I2C_AddrCallback
                0x00000000080033b4       0x28 ./Core/Src/main.o
                0x00000000080033b4                HAL_I2C_AddrCallback
 .text.HAL_I2C_SlaveRxCpltCallback
                0x00000000080033dc       0x28 ./Core/Src/main.o
                0x00000000080033dc                HAL_I2C_SlaveRxCpltCallback
 .text.HAL_I2C_SlaveTxCpltCallback
                0x0000000008003404       0x1c ./Core/Src/main.o
                0x0000000008003404                HAL_I2C_SlaveTxCpltCallback
 .text.HAL_TIM_PeriodElapsedCallback
                0x0000000008003420       0x50 ./Core/Src/main.o
                0x0000000008003420                HAL_TIM_PeriodElapsedCallback
 .text.Run_Motor_Command_Calibrate
                0x0000000008003470       0xb4 ./Core/Src/main.o
                0x0000000008003470                Run_Motor_Command_Calibrate
 .text.Init_Motor_Controller
                0x0000000008003524      0x18c ./Core/Src/main.o
                0x0000000008003524                Init_Motor_Controller
 .text.main     0x00000000080036b0       0x7c ./Core/Src/main.o
                0x00000000080036b0                main
 .text.SystemClock_Config
                0x000000000800372c       0xdc ./Core/Src/main.o
                0x000000000800372c                SystemClock_Config
 .text.MX_I2C1_Init
                0x0000000008003808       0x5c ./Core/Src/main.o
 .text.MX_I2C2_Init
                0x0000000008003864       0x5c ./Core/Src/main.o
 .text.MX_TIM1_Init
                0x00000000080038c0       0xa0 ./Core/Src/main.o
 .text.MX_TIM3_Init
                0x0000000008003960       0x9c ./Core/Src/main.o
 .text.MX_USART2_UART_Init
                0x00000000080039fc       0x54 ./Core/Src/main.o
 .text.MX_GPIO_Init
                0x0000000008003a50      0x138 ./Core/Src/main.o
 .text.Error_Handler
                0x0000000008003b88       0x1c ./Core/Src/main.o
                0x0000000008003b88                Error_Handler
 .text.HAL_MspInit
                0x0000000008003ba4       0x50 ./Core/Src/stm32f4xx_hal_msp.o
                0x0000000008003ba4                HAL_MspInit
 .text.HAL_I2C_MspInit
                0x0000000008003bf4      0x15c ./Core/Src/stm32f4xx_hal_msp.o
                0x0000000008003bf4                HAL_I2C_MspInit
 .text.HAL_I2C_MspDeInit
                0x0000000008003d50       0x84 ./Core/Src/stm32f4xx_hal_msp.o
                0x0000000008003d50                HAL_I2C_MspDeInit
 .text.HAL_TIM_Base_MspInit
                0x0000000008003dd4       0x7c ./Core/Src/stm32f4xx_hal_msp.o
                0x0000000008003dd4                HAL_TIM_Base_MspInit
 .text.HAL_UART_MspInit
                0x0000000008003e50       0x90 ./Core/Src/stm32f4xx_hal_msp.o
                0x0000000008003e50                HAL_UART_MspInit
 .text.NMI_Handler
                0x0000000008003ee0        0x6 ./Core/Src/stm32f4xx_it.o
                0x0000000008003ee0                NMI_Handler
 .text.HardFault_Handler
                0x0000000008003ee6        0x6 ./Core/Src/stm32f4xx_it.o
                0x0000000008003ee6                HardFault_Handler
 .text.MemManage_Handler
                0x0000000008003eec        0x6 ./Core/Src/stm32f4xx_it.o
                0x0000000008003eec                MemManage_Handler
 .text.BusFault_Handler
                0x0000000008003ef2        0x6 ./Core/Src/stm32f4xx_it.o
                0x0000000008003ef2                BusFault_Handler
 .text.UsageFault_Handler
                0x0000000008003ef8        0x6 ./Core/Src/stm32f4xx_it.o
                0x0000000008003ef8                UsageFault_Handler
 .text.SVC_Handler
                0x0000000008003efe        0xe ./Core/Src/stm32f4xx_it.o
                0x0000000008003efe                SVC_Handler
 .text.DebugMon_Handler
                0x0000000008003f0c        0xe ./Core/Src/stm32f4xx_it.o
                0x0000000008003f0c                DebugMon_Handler
 .text.PendSV_Handler
                0x0000000008003f1a        0xe ./Core/Src/stm32f4xx_it.o
                0x0000000008003f1a                PendSV_Handler
 .text.SysTick_Handler
                0x0000000008003f28        0xc ./Core/Src/stm32f4xx_it.o
                0x0000000008003f28                SysTick_Handler
 .text.TIM3_IRQHandler
                0x0000000008003f34       0x14 ./Core/Src/stm32f4xx_it.o
                0x0000000008003f34                TIM3_IRQHandler
 .text.I2C1_EV_IRQHandler
                0x0000000008003f48       0x14 ./Core/Src/stm32f4xx_it.o
                0x0000000008003f48                I2C1_EV_IRQHandler
 .text.I2C1_ER_IRQHandler
                0x0000000008003f5c       0x14 ./Core/Src/stm32f4xx_it.o
                0x0000000008003f5c                I2C1_ER_IRQHandler
 .text.SystemInit
                0x0000000008003f70       0x24 ./Core/Src/system_stm32f4xx.o
                0x0000000008003f70                SystemInit
 .text.Reset_Handler
                0x0000000008003f94       0x50 ./Core/Startup/startup_stm32f446retx.o
                0x0000000008003f94                Reset_Handler
 .text.Default_Handler
                0x0000000008003fe4        0x2 ./Core/Startup/startup_stm32f446retx.o
                0x0000000008003fe4                RTC_Alarm_IRQHandler
                0x0000000008003fe4                EXTI2_IRQHandler
                0x0000000008003fe4                TIM8_CC_IRQHandler
                0x0000000008003fe4                FMPI2C1_EV_IRQHandler
                0x0000000008003fe4                SPI4_IRQHandler
                0x0000000008003fe4                TIM1_CC_IRQHandler
                0x0000000008003fe4                DMA2_Stream5_IRQHandler
                0x0000000008003fe4                DMA1_Stream5_IRQHandler
                0x0000000008003fe4                PVD_IRQHandler
                0x0000000008003fe4                SDIO_IRQHandler
                0x0000000008003fe4                TAMP_STAMP_IRQHandler
                0x0000000008003fe4                CAN2_RX1_IRQHandler
                0x0000000008003fe4                EXTI3_IRQHandler
                0x0000000008003fe4                TIM8_TRG_COM_TIM14_IRQHandler
                0x0000000008003fe4                TIM1_UP_TIM10_IRQHandler
                0x0000000008003fe4                TIM8_UP_TIM13_IRQHandler
                0x0000000008003fe4                I2C3_ER_IRQHandler
                0x0000000008003fe4                EXTI0_IRQHandler
                0x0000000008003fe4                I2C2_EV_IRQHandler
                0x0000000008003fe4                DMA1_Stream2_IRQHandler
                0x0000000008003fe4                CAN1_RX0_IRQHandler
                0x0000000008003fe4                FPU_IRQHandler
                0x0000000008003fe4                OTG_HS_WKUP_IRQHandler
                0x0000000008003fe4                CAN2_SCE_IRQHandler
                0x0000000008003fe4                DMA2_Stream2_IRQHandler
                0x0000000008003fe4                SPI1_IRQHandler
                0x0000000008003fe4                TIM6_DAC_IRQHandler
                0x0000000008003fe4                TIM1_BRK_TIM9_IRQHandler
                0x0000000008003fe4                DCMI_IRQHandler
                0x0000000008003fe4                CAN2_RX0_IRQHandler
                0x0000000008003fe4                DMA2_Stream3_IRQHandler
                0x0000000008003fe4                SAI2_IRQHandler
                0x0000000008003fe4                USART6_IRQHandler
                0x0000000008003fe4                USART3_IRQHandler
                0x0000000008003fe4                CAN1_RX1_IRQHandler
                0x0000000008003fe4                UART5_IRQHandler
                0x0000000008003fe4                DMA2_Stream0_IRQHandler
                0x0000000008003fe4                TIM4_IRQHandler
                0x0000000008003fe4                QUADSPI_IRQHandler
                0x0000000008003fe4                DMA1_Stream6_IRQHandler
                0x0000000008003fe4                DMA1_Stream1_IRQHandler
                0x0000000008003fe4                UART4_IRQHandler
                0x0000000008003fe4                RCC_IRQHandler
                0x0000000008003fe4                TIM8_BRK_TIM12_IRQHandler
                0x0000000008003fe4                Default_Handler
                0x0000000008003fe4                CEC_IRQHandler
                0x0000000008003fe4                EXTI15_10_IRQHandler
                0x0000000008003fe4                ADC_IRQHandler
                0x0000000008003fe4                DMA1_Stream7_IRQHandler
                0x0000000008003fe4                TIM7_IRQHandler
                0x0000000008003fe4                CAN2_TX_IRQHandler
                0x0000000008003fe4                TIM5_IRQHandler
                0x0000000008003fe4                DMA2_Stream7_IRQHandler
                0x0000000008003fe4                I2C3_EV_IRQHandler
                0x0000000008003fe4                EXTI9_5_IRQHandler
                0x0000000008003fe4                RTC_WKUP_IRQHandler
                0x0000000008003fe4                SPDIF_RX_IRQHandler
                0x0000000008003fe4                SPI2_IRQHandler
                0x0000000008003fe4                OTG_HS_EP1_IN_IRQHandler
                0x0000000008003fe4                DMA1_Stream0_IRQHandler
                0x0000000008003fe4                CAN1_TX_IRQHandler
                0x0000000008003fe4                FMPI2C1_ER_IRQHandler
                0x0000000008003fe4                EXTI4_IRQHandler
                0x0000000008003fe4                OTG_HS_EP1_OUT_IRQHandler
                0x0000000008003fe4                WWDG_IRQHandler
                0x0000000008003fe4                TIM2_IRQHandler
                0x0000000008003fe4                OTG_FS_WKUP_IRQHandler
                0x0000000008003fe4                TIM1_TRG_COM_TIM11_IRQHandler
                0x0000000008003fe4                OTG_HS_IRQHandler
                0x0000000008003fe4                EXTI1_IRQHandler
                0x0000000008003fe4                USART2_IRQHandler
                0x0000000008003fe4                I2C2_ER_IRQHandler
                0x0000000008003fe4                DMA2_Stream1_IRQHandler
                0x0000000008003fe4                CAN1_SCE_IRQHandler
                0x0000000008003fe4                FLASH_IRQHandler
                0x0000000008003fe4                DMA2_Stream4_IRQHandler
                0x0000000008003fe4                USART1_IRQHandler
                0x0000000008003fe4                OTG_FS_IRQHandler
                0x0000000008003fe4                SPI3_IRQHandler
                0x0000000008003fe4                DMA1_Stream4_IRQHandler
                0x0000000008003fe4                FMC_IRQHandler
                0x0000000008003fe4                DMA2_Stream6_IRQHandler
                0x0000000008003fe4                SAI1_IRQHandler
                0x0000000008003fe4                DMA1_Stream3_IRQHandler
 *fill*         0x0000000008003fe6        0x2 
 .text.HAL_Init
                0x0000000008003fe8       0x44 ./Drivers/STM32F4xx_HAL_Driver/Src/stm32f4xx_hal.o
                0x0000000008003fe8                HAL_Init
 .text.HAL_InitTick
                0x000000000800402c       0x60 ./Drivers/STM32F4xx_HAL_Driver/Src/stm32f4xx_hal.o
                0x000000000800402c                HAL_InitTick
 .text.HAL_IncTick
                0x000000000800408c       0x28 ./Drivers/STM32F4xx_HAL_Driver/Src/stm32f4xx_hal.o
                0x000000000800408c                HAL_IncTick
 .text.HAL_GetTick
                0x00000000080040b4       0x18 ./Drivers/STM32F4xx_HAL_Driver/Src/stm32f4xx_hal.o
                0x00000000080040b4                HAL_GetTick
 .text.__NVIC_SetPriorityGrouping
                0x00000000080040cc       0x48 ./Drivers/STM32F4xx_HAL_Driver/Src/stm32f4xx_hal_cortex.o
 .text.__NVIC_GetPriorityGrouping
                0x0000000008004114       0x1c ./Drivers/STM32F4xx_HAL_Driver/Src/stm32f4xx_hal_cortex.o
 .text.__NVIC_EnableIRQ
                0x0000000008004130       0x3c ./Drivers/STM32F4xx_HAL_Driver/Src/stm32f4xx_hal_cortex.o
 .text.__NVIC_DisableIRQ
                0x000000000800416c       0x48 ./Drivers/STM32F4xx_HAL_Driver/Src/stm32f4xx_hal_cortex.o
 .text.__NVIC_SetPriority
                0x00000000080041b4       0x54 ./Drivers/STM32F4xx_HAL_Driver/Src/stm32f4xx_hal_cortex.o
 .text.NVIC_EncodePriority
                0x0000000008004208       0x66 ./Drivers/STM32F4xx_HAL_Driver/Src/stm32f4xx_hal_cortex.o
 *fill*         0x000000000800426e        0x2 
 .text.SysTick_Config
                0x0000000008004270       0x44 ./Drivers/STM32F4xx_HAL_Driver/Src/stm32f4xx_hal_cortex.o
 .text.HAL_NVIC_SetPriorityGrouping
                0x00000000080042b4       0x16 ./Drivers/STM32F4xx_HAL_Driver/Src/stm32f4xx_hal_cortex.o
                0x00000000080042b4                HAL_NVIC_SetPriorityGrouping
 .text.HAL_NVIC_SetPriority
                0x00000000080042ca       0x38 ./Drivers/STM32F4xx_HAL_Driver/Src/stm32f4xx_hal_cortex.o
                0x00000000080042ca                HAL_NVIC_SetPriority
 .text.HAL_NVIC_EnableIRQ
                0x0000000008004302       0x1c ./Drivers/STM32F4xx_HAL_Driver/Src/stm32f4xx_hal_cortex.o
                0x0000000008004302                HAL_NVIC_EnableIRQ
 .text.HAL_NVIC_DisableIRQ
                0x000000000800431e       0x1c ./Drivers/STM32F4xx_HAL_Driver/Src/stm32f4xx_hal_cortex.o
                0x000000000800431e                HAL_NVIC_DisableIRQ
 .text.HAL_SYSTICK_Config
                0x000000000800433a       0x18 ./Drivers/STM32F4xx_HAL_Driver/Src/stm32f4xx_hal_cortex.o
                0x000000000800433a                HAL_SYSTICK_Config
 .text.HAL_DMA_Abort_IT
                0x0000000008004352       0x44 ./Drivers/STM32F4xx_HAL_Driver/Src/stm32f4xx_hal_dma.o
                0x0000000008004352                HAL_DMA_Abort_IT
 .text.HAL_DMA_GetState
                0x0000000008004396       0x1c ./Drivers/STM32F4xx_HAL_Driver/Src/stm32f4xx_hal_dma.o
                0x0000000008004396                HAL_DMA_GetState
 *fill*         0x00000000080043b2        0x2 
 .text.HAL_GPIO_Init
                0x00000000080043b4      0x328 ./Drivers/STM32F4xx_HAL_Driver/Src/stm32f4xx_hal_gpio.o
                0x00000000080043b4                HAL_GPIO_Init
 .text.HAL_GPIO_DeInit
                0x00000000080046dc      0x1e8 ./Drivers/STM32F4xx_HAL_Driver/Src/stm32f4xx_hal_gpio.o
                0x00000000080046dc                HAL_GPIO_DeInit
 .text.HAL_GPIO_ReadPin
                0x00000000080048c4       0x30 ./Drivers/STM32F4xx_HAL_Driver/Src/stm32f4xx_hal_gpio.o
                0x00000000080048c4                HAL_GPIO_ReadPin
 .text.HAL_GPIO_WritePin
                0x00000000080048f4       0x32 ./Drivers/STM32F4xx_HAL_Driver/Src/stm32f4xx_hal_gpio.o
                0x00000000080048f4                HAL_GPIO_WritePin
 *fill*         0x0000000008004926        0x2 
 .text.HAL_I2C_Init
                0x0000000008004928      0x288 ./Drivers/STM32F4xx_HAL_Driver/Src/stm32f4xx_hal_i2c.o
                0x0000000008004928                HAL_I2C_Init
 .text.HAL_I2C_DeInit
                0x0000000008004bb0       0x5e ./Drivers/STM32F4xx_HAL_Driver/Src/stm32f4xx_hal_i2c.o
                0x0000000008004bb0                HAL_I2C_DeInit
 .text.I2C_Flush_DR
                0x0000000008004c0e       0x2a ./Drivers/STM32F4xx_HAL_Driver/Src/stm32f4xx_hal_i2c.o
 .text.HAL_I2C_Master_Transmit
                0x0000000008004c38      0x1fc ./Drivers/STM32F4xx_HAL_Driver/Src/stm32f4xx_hal_i2c.o
                0x0000000008004c38                HAL_I2C_Master_Transmit
 .text.HAL_I2C_Slave_Seq_Transmit_IT
                0x0000000008004e34       0xe6 ./Drivers/STM32F4xx_HAL_Driver/Src/stm32f4xx_hal_i2c.o
                0x0000000008004e34                HAL_I2C_Slave_Seq_Transmit_IT
 .text.HAL_I2C_Slave_Seq_Receive_IT
                0x0000000008004f1a       0xe6 ./Drivers/STM32F4xx_HAL_Driver/Src/stm32f4xx_hal_i2c.o
                0x0000000008004f1a                HAL_I2C_Slave_Seq_Receive_IT
 .text.HAL_I2C_EnableListen_IT
                0x0000000008005000       0x6c ./Drivers/STM32F4xx_HAL_Driver/Src/stm32f4xx_hal_i2c.o
                0x0000000008005000                HAL_I2C_EnableListen_IT
 .text.HAL_I2C_EV_IRQHandler
                0x000000000800506c      0x2a6 ./Drivers/STM32F4xx_HAL_Driver/Src/stm32f4xx_hal_i2c.o
                0x000000000800506c                HAL_I2C_EV_IRQHandler
 .text.HAL_I2C_ER_IRQHandler
                0x0000000008005312      0x13e ./Drivers/STM32F4xx_HAL_Driver/Src/stm32f4xx_hal_i2c.o
                0x0000000008005312                HAL_I2C_ER_IRQHandler
 .text.HAL_I2C_MasterTxCpltCallback
                0x0000000008005450       0x14 ./Drivers/STM32F4xx_HAL_Driver/Src/stm32f4xx_hal_i2c.o
                0x0000000008005450                HAL_I2C_MasterTxCpltCallback
 .text.HAL_I2C_MasterRxCpltCallback
                0x0000000008005464       0x14 ./Drivers/STM32F4xx_HAL_Driver/Src/stm32f4xx_hal_i2c.o
                0x0000000008005464                HAL_I2C_MasterRxCpltCallback
 .text.HAL_I2C_MemTxCpltCallback
                0x0000000008005478       0x14 ./Drivers/STM32F4xx_HAL_Driver/Src/stm32f4xx_hal_i2c.o
                0x0000000008005478                HAL_I2C_MemTxCpltCallback
 .text.HAL_I2C_MemRxCpltCallback
                0x000000000800548c       0x14 ./Drivers/STM32F4xx_HAL_Driver/Src/stm32f4xx_hal_i2c.o
                0x000000000800548c                HAL_I2C_MemRxCpltCallback
 .text.HAL_I2C_AbortCpltCallback
                0x00000000080054a0       0x14 ./Drivers/STM32F4xx_HAL_Driver/Src/stm32f4xx_hal_i2c.o
                0x00000000080054a0                HAL_I2C_AbortCpltCallback
 .text.HAL_I2C_GetState
                0x00000000080054b4       0x1c ./Drivers/STM32F4xx_HAL_Driver/Src/stm32f4xx_hal_i2c.o
                0x00000000080054b4                HAL_I2C_GetState
 .text.HAL_I2C_GetError
                0x00000000080054d0       0x18 ./Drivers/STM32F4xx_HAL_Driver/Src/stm32f4xx_hal_i2c.o
                0x00000000080054d0                HAL_I2C_GetError
 .text.I2C_MasterTransmit_TXE
                0x00000000080054e8      0x138 ./Drivers/STM32F4xx_HAL_Driver/Src/stm32f4xx_hal_i2c.o
 .text.I2C_MasterTransmit_BTF
                0x0000000008005620       0xec ./Drivers/STM32F4xx_HAL_Driver/Src/stm32f4xx_hal_i2c.o
 .text.I2C_MemoryTransmit_TXE_BTF
                0x000000000800570c      0x130 ./Drivers/STM32F4xx_HAL_Driver/Src/stm32f4xx_hal_i2c.o
 .text.I2C_MasterReceive_RXNE
                0x000000000800583c      0x190 ./Drivers/STM32F4xx_HAL_Driver/Src/stm32f4xx_hal_i2c.o
 .text.I2C_MasterReceive_BTF
                0x00000000080059cc      0x1ea ./Drivers/STM32F4xx_HAL_Driver/Src/stm32f4xx_hal_i2c.o
 .text.I2C_Master_SB
                0x0000000008005bb6      0x10c ./Drivers/STM32F4xx_HAL_Driver/Src/stm32f4xx_hal_i2c.o
 .text.I2C_Master_ADD10
                0x0000000008005cc2       0x54 ./Drivers/STM32F4xx_HAL_Driver/Src/stm32f4xx_hal_i2c.o
 .text.I2C_Master_ADDR
                0x0000000008005d16      0x322 ./Drivers/STM32F4xx_HAL_Driver/Src/stm32f4xx_hal_i2c.o
 .text.I2C_SlaveTransmit_TXE
                0x0000000008006038       0x7a ./Drivers/STM32F4xx_HAL_Driver/Src/stm32f4xx_hal_i2c.o
 .text.I2C_SlaveTransmit_BTF
                0x00000000080060b2       0x42 ./Drivers/STM32F4xx_HAL_Driver/Src/stm32f4xx_hal_i2c.o
 .text.I2C_SlaveReceive_RXNE
                0x00000000080060f4       0x7c ./Drivers/STM32F4xx_HAL_Driver/Src/stm32f4xx_hal_i2c.o
 .text.I2C_SlaveReceive_BTF
                0x0000000008006170       0x44 ./Drivers/STM32F4xx_HAL_Driver/Src/stm32f4xx_hal_i2c.o
 .text.I2C_Slave_ADDR
                0x00000000080061b4       0x90 ./Drivers/STM32F4xx_HAL_Driver/Src/stm32f4xx_hal_i2c.o
 .text.I2C_Slave_STOPF
                0x0000000008006244      0x260 ./Drivers/STM32F4xx_HAL_Driver/Src/stm32f4xx_hal_i2c.o
 .text.I2C_Slave_AF
                0x00000000080064a4       0xe8 ./Drivers/STM32F4xx_HAL_Driver/Src/stm32f4xx_hal_i2c.o
 .text.I2C_ITError
                0x000000000800658c      0x264 ./Drivers/STM32F4xx_HAL_Driver/Src/stm32f4xx_hal_i2c.o
 .text.I2C_MasterRequestWrite
                0x00000000080067f0      0x104 ./Drivers/STM32F4xx_HAL_Driver/Src/stm32f4xx_hal_i2c.o
 .text.I2C_DMAAbort
                0x00000000080068f4      0x150 ./Drivers/STM32F4xx_HAL_Driver/Src/stm32f4xx_hal_i2c.o
 .text.I2C_WaitOnFlagUntilTimeout
                0x0000000008006a44       0xf4 ./Drivers/STM32F4xx_HAL_Driver/Src/stm32f4xx_hal_i2c.o
 .text.I2C_WaitOnMasterAddressFlagUntilTimeout
                0x0000000008006b38      0x140 ./Drivers/STM32F4xx_HAL_Driver/Src/stm32f4xx_hal_i2c.o
 .text.I2C_WaitOnTXEFlagUntilTimeout
                0x0000000008006c78       0x90 ./Drivers/STM32F4xx_HAL_Driver/Src/stm32f4xx_hal_i2c.o
 .text.I2C_WaitOnBTFFlagUntilTimeout
                0x0000000008006d08       0x90 ./Drivers/STM32F4xx_HAL_Driver/Src/stm32f4xx_hal_i2c.o
 .text.I2C_WaitOnSTOPRequestThroughIT
                0x0000000008006d98       0x64 ./Drivers/STM32F4xx_HAL_Driver/Src/stm32f4xx_hal_i2c.o
 .text.I2C_IsAcknowledgeFailed
                0x0000000008006dfc       0x5e ./Drivers/STM32F4xx_HAL_Driver/Src/stm32f4xx_hal_i2c.o
 .text.I2C_ConvertOtherXferOptions
                0x0000000008006e5a       0x36 ./Drivers/STM32F4xx_HAL_Driver/Src/stm32f4xx_hal_i2c.o
 .text.HAL_RCC_ClockConfig
                0x0000000008006e90      0x1cc ./Drivers/STM32F4xx_HAL_Driver/Src/stm32f4xx_hal_rcc.o
                0x0000000008006e90                HAL_RCC_ClockConfig
 .text.HAL_RCC_GetHCLKFreq
                0x000000000800705c       0x18 ./Drivers/STM32F4xx_HAL_Driver/Src/stm32f4xx_hal_rcc.o
                0x000000000800705c                HAL_RCC_GetHCLKFreq
 .text.HAL_RCC_GetPCLK1Freq
                0x0000000008007074       0x28 ./Drivers/STM32F4xx_HAL_Driver/Src/stm32f4xx_hal_rcc.o
                0x0000000008007074                HAL_RCC_GetPCLK1Freq
 .text.HAL_RCC_GetPCLK2Freq
                0x000000000800709c       0x28 ./Drivers/STM32F4xx_HAL_Driver/Src/stm32f4xx_hal_rcc.o
                0x000000000800709c                HAL_RCC_GetPCLK2Freq
 .text.HAL_RCC_GetSysClockFreq
                0x00000000080070c4      0x460 ./Drivers/STM32F4xx_HAL_Driver/Src/stm32f4xx_hal_rcc_ex.o
                0x00000000080070c4                HAL_RCC_GetSysClockFreq
 .text.HAL_RCC_OscConfig
                0x0000000008007524      0x53c ./Drivers/STM32F4xx_HAL_Driver/Src/stm32f4xx_hal_rcc_ex.o
                0x0000000008007524                HAL_RCC_OscConfig
 .text.HAL_TIM_Base_Init
                0x0000000008007a60       0x9e ./Drivers/STM32F4xx_HAL_Driver/Src/stm32f4xx_hal_tim.o
                0x0000000008007a60                HAL_TIM_Base_Init
 *fill*         0x0000000008007afe        0x2 
 .text.HAL_TIM_Base_Start_IT
                0x0000000008007b00       0xe0 ./Drivers/STM32F4xx_HAL_Driver/Src/stm32f4xx_hal_tim.o
                0x0000000008007b00                HAL_TIM_Base_Start_IT
 .text.HAL_TIM_IRQHandler
                0x0000000008007be0      0x1e0 ./Drivers/STM32F4xx_HAL_Driver/Src/stm32f4xx_hal_tim.o
                0x0000000008007be0                HAL_TIM_IRQHandler
 .text.HAL_TIM_ConfigClockSource
                0x0000000008007dc0      0x18e ./Drivers/STM32F4xx_HAL_Driver/Src/stm32f4xx_hal_tim.o
                0x0000000008007dc0                HAL_TIM_ConfigClockSource
 .text.HAL_TIM_OC_DelayElapsedCallback
                0x0000000008007f4e       0x14 ./Drivers/STM32F4xx_HAL_Driver/Src/stm32f4xx_hal_tim.o
                0x0000000008007f4e                HAL_TIM_OC_DelayElapsedCallback
 .text.HAL_TIM_IC_CaptureCallback
                0x0000000008007f62       0x14 ./Drivers/STM32F4xx_HAL_Driver/Src/stm32f4xx_hal_tim.o
                0x0000000008007f62                HAL_TIM_IC_CaptureCallback
 .text.HAL_TIM_PWM_PulseFinishedCallback
                0x0000000008007f76       0x14 ./Drivers/STM32F4xx_HAL_Driver/Src/stm32f4xx_hal_tim.o
                0x0000000008007f76                HAL_TIM_PWM_PulseFinishedCallback
 .text.HAL_TIM_TriggerCallback
                0x0000000008007f8a       0x14 ./Drivers/STM32F4xx_HAL_Driver/Src/stm32f4xx_hal_tim.o
                0x0000000008007f8a                HAL_TIM_TriggerCallback
 *fill*         0x0000000008007f9e        0x2 
 .text.TIM_Base_SetConfig
                0x0000000008007fa0      0x158 ./Drivers/STM32F4xx_HAL_Driver/Src/stm32f4xx_hal_tim.o
                0x0000000008007fa0                TIM_Base_SetConfig
 .text.TIM_TI1_ConfigInputStage
                0x00000000080080f8       0x5e ./Drivers/STM32F4xx_HAL_Driver/Src/stm32f4xx_hal_tim.o
 .text.TIM_TI2_ConfigInputStage
                0x0000000008008156       0x60 ./Drivers/STM32F4xx_HAL_Driver/Src/stm32f4xx_hal_tim.o
 .text.TIM_ITRx_SetConfig
                0x00000000080081b6       0x36 ./Drivers/STM32F4xx_HAL_Driver/Src/stm32f4xx_hal_tim.o
 .text.TIM_ETR_SetConfig
                0x00000000080081ec       0x40 ./Drivers/STM32F4xx_HAL_Driver/Src/stm32f4xx_hal_tim.o
                0x00000000080081ec                TIM_ETR_SetConfig
 .text.HAL_TIMEx_MasterConfigSynchronization
                0x000000000800822c       0xf8 ./Drivers/STM32F4xx_HAL_Driver/Src/stm32f4xx_hal_tim_ex.o
                0x000000000800822c                HAL_TIMEx_MasterConfigSynchronization
 .text.HAL_TIMEx_CommutCallback
                0x0000000008008324       0x14 ./Drivers/STM32F4xx_HAL_Driver/Src/stm32f4xx_hal_tim_ex.o
                0x0000000008008324                HAL_TIMEx_CommutCallback
 .text.HAL_TIMEx_BreakCallback
                0x0000000008008338       0x14 ./Drivers/STM32F4xx_HAL_Driver/Src/stm32f4xx_hal_tim_ex.o
                0x0000000008008338                HAL_TIMEx_BreakCallback
 .text.HAL_UART_Init
                0x000000000800834c       0xa0 ./Drivers/STM32F4xx_HAL_Driver/Src/stm32f4xx_hal_uart.o
                0x000000000800834c                HAL_UART_Init
 .text.UART_SetConfig
                0x00000000080083ec      0x4e8 ./Drivers/STM32F4xx_HAL_Driver/Src/stm32f4xx_hal_uart.o
 .text.memset   0x00000000080088d4       0x10 /home/jared/st/stm32cubeide_1.14.0/plugins/com.st.stm32cube.ide.mcu.externaltools.gnu-tools-for-stm32.11.3.rel1.linux64_1.1.100.202309141235/tools/bin/../lib/gcc/arm-none-eabi/11.3.1/../../../../arm-none-eabi/lib/thumb/v7e-m+fp/hard/libc_nano.a(libc_a-memset.o)
                0x00000000080088d4                memset
 .text.__libc_init_array
                0x00000000080088e4       0x48 /home/jared/st/stm32cubeide_1.14.0/plugins/com.st.stm32cube.ide.mcu.externaltools.gnu-tools-for-stm32.11.3.rel1.linux64_1.1.100.202309141235/tools/bin/../lib/gcc/arm-none-eabi/11.3.1/../../../../arm-none-eabi/lib/thumb/v7e-m+fp/hard/libc_nano.a(libc_a-init.o)
                0x00000000080088e4                __libc_init_array
 .text.memcpy   0x000000000800892c       0x1c /home/jared/st/stm32cubeide_1.14.0/plugins/com.st.stm32cube.ide.mcu.externaltools.gnu-tools-for-stm32.11.3.rel1.linux64_1.1.100.202309141235/tools/bin/../lib/gcc/arm-none-eabi/11.3.1/../../../../arm-none-eabi/lib/thumb/v7e-m+fp/hard/libc_nano.a(libc_a-memcpy-stub.o)
                0x000000000800892c                memcpy
 *(.glue_7)
 .glue_7        0x0000000008008948        0x0 linker stubs
 *(.glue_7t)
 .glue_7t       0x0000000008008948        0x0 linker stubs
 *(.eh_frame)
 .eh_frame      0x0000000008008948        0x0 /home/jared/st/stm32cubeide_1.14.0/plugins/com.st.stm32cube.ide.mcu.externaltools.gnu-tools-for-stm32.11.3.rel1.linux64_1.1.100.202309141235/tools/bin/../lib/gcc/arm-none-eabi/11.3.1/thumb/v7e-m+fp/hard/crtbegin.o
 *(.init)
 .init          0x0000000008008948        0x4 /home/jared/st/stm32cubeide_1.14.0/plugins/com.st.stm32cube.ide.mcu.externaltools.gnu-tools-for-stm32.11.3.rel1.linux64_1.1.100.202309141235/tools/bin/../lib/gcc/arm-none-eabi/11.3.1/thumb/v7e-m+fp/hard/crti.o
                0x0000000008008948                _init
 .init          0x000000000800894c        0x8 /home/jared/st/stm32cubeide_1.14.0/plugins/com.st.stm32cube.ide.mcu.externaltools.gnu-tools-for-stm32.11.3.rel1.linux64_1.1.100.202309141235/tools/bin/../lib/gcc/arm-none-eabi/11.3.1/thumb/v7e-m+fp/hard/crtn.o
 *(.fini)
 .fini          0x0000000008008954        0x4 /home/jared/st/stm32cubeide_1.14.0/plugins/com.st.stm32cube.ide.mcu.externaltools.gnu-tools-for-stm32.11.3.rel1.linux64_1.1.100.202309141235/tools/bin/../lib/gcc/arm-none-eabi/11.3.1/thumb/v7e-m+fp/hard/crti.o
                0x0000000008008954                _fini
 .fini          0x0000000008008958        0x8 /home/jared/st/stm32cubeide_1.14.0/plugins/com.st.stm32cube.ide.mcu.externaltools.gnu-tools-for-stm32.11.3.rel1.linux64_1.1.100.202309141235/tools/bin/../lib/gcc/arm-none-eabi/11.3.1/thumb/v7e-m+fp/hard/crtn.o
                0x0000000008008960                . = ALIGN (0x4)
                0x0000000008008960                _etext = .

.vfp11_veneer   0x0000000008008960        0x0
 .vfp11_veneer  0x0000000008008960        0x0 linker stubs

.v4_bx          0x0000000008008960        0x0
 .v4_bx         0x0000000008008960        0x0 linker stubs

.iplt           0x0000000008008960        0x0
 .iplt          0x0000000008008960        0x0 /home/jared/st/stm32cubeide_1.14.0/plugins/com.st.stm32cube.ide.mcu.externaltools.gnu-tools-for-stm32.11.3.rel1.linux64_1.1.100.202309141235/tools/bin/../lib/gcc/arm-none-eabi/11.3.1/thumb/v7e-m+fp/hard/crtbegin.o

.rodata         0x0000000008008960       0x18
                0x0000000008008960                . = ALIGN (0x4)
 *(.rodata)
 *(.rodata*)
 .rodata.AHBPrescTable
                0x0000000008008960       0x10 ./Core/Src/system_stm32f4xx.o
                0x0000000008008960                AHBPrescTable
 .rodata.APBPrescTable
                0x0000000008008970        0x8 ./Core/Src/system_stm32f4xx.o
                0x0000000008008970                APBPrescTable
                0x0000000008008978                . = ALIGN (0x4)

.ARM.extab      0x0000000008008978        0x0
                0x0000000008008978                . = ALIGN (0x4)
 *(.ARM.extab* .gnu.linkonce.armextab.*)
                0x0000000008008978                . = ALIGN (0x4)

.ARM            0x0000000008008978        0x8
                0x0000000008008978                . = ALIGN (0x4)
                0x0000000008008978                __exidx_start = .
 *(.ARM.exidx*)
 .ARM.exidx     0x0000000008008978        0x8 /home/jared/st/stm32cubeide_1.14.0/plugins/com.st.stm32cube.ide.mcu.externaltools.gnu-tools-for-stm32.11.3.rel1.linux64_1.1.100.202309141235/tools/bin/../lib/gcc/arm-none-eabi/11.3.1/thumb/v7e-m+fp/hard/libgcc.a(_udivmoddi4.o)
                0x0000000008008980                __exidx_end = .
                0x0000000008008980                . = ALIGN (0x4)

.rel.dyn        0x0000000008008980        0x0
 .rel.iplt      0x0000000008008980        0x0 /home/jared/st/stm32cubeide_1.14.0/plugins/com.st.stm32cube.ide.mcu.externaltools.gnu-tools-for-stm32.11.3.rel1.linux64_1.1.100.202309141235/tools/bin/../lib/gcc/arm-none-eabi/11.3.1/thumb/v7e-m+fp/hard/crtbegin.o

.preinit_array  0x0000000008008980        0x0
                0x0000000008008980                . = ALIGN (0x4)
                0x0000000008008980                PROVIDE (__preinit_array_start = .)
 *(.preinit_array*)
                0x0000000008008980                PROVIDE (__preinit_array_end = .)
                0x0000000008008980                . = ALIGN (0x4)

.init_array     0x0000000008008980        0x4
                0x0000000008008980                . = ALIGN (0x4)
                0x0000000008008980                PROVIDE (__init_array_start = .)
 *(SORT_BY_NAME(.init_array.*))
 *(.init_array*)
 .init_array    0x0000000008008980        0x4 /home/jared/st/stm32cubeide_1.14.0/plugins/com.st.stm32cube.ide.mcu.externaltools.gnu-tools-for-stm32.11.3.rel1.linux64_1.1.100.202309141235/tools/bin/../lib/gcc/arm-none-eabi/11.3.1/thumb/v7e-m+fp/hard/crtbegin.o
                0x0000000008008984                PROVIDE (__init_array_end = .)
                0x0000000008008984                . = ALIGN (0x4)

.fini_array     0x0000000008008984        0x4
                0x0000000008008984                . = ALIGN (0x4)
                [!provide]                        PROVIDE (__fini_array_start = .)
 *(SORT_BY_NAME(.fini_array.*))
 *(.fini_array*)
 .fini_array    0x0000000008008984        0x4 /home/jared/st/stm32cubeide_1.14.0/plugins/com.st.stm32cube.ide.mcu.externaltools.gnu-tools-for-stm32.11.3.rel1.linux64_1.1.100.202309141235/tools/bin/../lib/gcc/arm-none-eabi/11.3.1/thumb/v7e-m+fp/hard/crtbegin.o
                [!provide]                        PROVIDE (__fini_array_end = .)
                0x0000000008008988                . = ALIGN (0x4)
                0x0000000008008988                _sidata = LOADADDR (.data)

.data           0x0000000020000000       0x8c load address 0x0000000008008988
                0x0000000020000000                . = ALIGN (0x4)
                0x0000000020000000                _sdata = .
 *(.data)
 *(.data*)
 .data.command_handle
                0x0000000020000000        0x8 ./Core/Src/main.o
                0x0000000020000000                command_handle
 .data.f_left_motor_pos_pid_params
                0x0000000020000008       0x18 ./Core/Src/main.o
                0x0000000020000008                f_left_motor_pos_pid_params
 .data.f_right_motor_pos_pid_params
                0x0000000020000020       0x18 ./Core/Src/main.o
                0x0000000020000020                f_right_motor_pos_pid_params
 .data.b_left_motor_pos_pid_params
                0x0000000020000038       0x18 ./Core/Src/main.o
                0x0000000020000038                b_left_motor_pos_pid_params
 .data.b_right_motor_pos_pid_params
                0x0000000020000050       0x18 ./Core/Src/main.o
                0x0000000020000050                b_right_motor_pos_pid_params
 .data.pid_parameters_velocity
                0x0000000020000068       0x18 ./Core/Src/main.o
                0x0000000020000068                pid_parameters_velocity
 .data.SystemCoreClock
                0x0000000020000080        0x4 ./Core/Src/system_stm32f4xx.o
                0x0000000020000080                SystemCoreClock
 .data.uwTickPrio
                0x0000000020000084        0x4 ./Drivers/STM32F4xx_HAL_Driver/Src/stm32f4xx_hal.o
                0x0000000020000084                uwTickPrio
 .data.uwTickFreq
                0x0000000020000088        0x1 ./Drivers/STM32F4xx_HAL_Driver/Src/stm32f4xx_hal.o
                0x0000000020000088                uwTickFreq
 *(.RamFunc)
 *(.RamFunc*)
                0x000000002000008c                . = ALIGN (0x4)
 *fill*         0x0000000020000089        0x3 
                0x000000002000008c                _edata = .

.igot.plt       0x000000002000008c        0x0 load address 0x0000000008008a14
 .igot.plt      0x000000002000008c        0x0 /home/jared/st/stm32cubeide_1.14.0/plugins/com.st.stm32cube.ide.mcu.externaltools.gnu-tools-for-stm32.11.3.rel1.linux64_1.1.100.202309141235/tools/bin/../lib/gcc/arm-none-eabi/11.3.1/thumb/v7e-m+fp/hard/crtbegin.o
                0x000000002000008c                . = ALIGN (0x4)

.bss            0x000000002000008c      0x678 load address 0x0000000008008a14
                0x000000002000008c                _sbss = .
                0x000000002000008c                __bss_start__ = _sbss
 *(.bss)
 .bss           0x000000002000008c       0x1c /home/jared/st/stm32cubeide_1.14.0/plugins/com.st.stm32cube.ide.mcu.externaltools.gnu-tools-for-stm32.11.3.rel1.linux64_1.1.100.202309141235/tools/bin/../lib/gcc/arm-none-eabi/11.3.1/thumb/v7e-m+fp/hard/crtbegin.o
 *(.bss*)
 .bss.addr_callback_index
                0x00000000200000a8        0x4 ./Core/Src/I2C_Controller.o
                0x00000000200000a8                addr_callback_index
 .bss.max_value
                0x00000000200000ac        0x2 ./Core/Src/Motor.o
                0x00000000200000ac                max_value
 *fill*         0x00000000200000ae        0x2 
 .bss.passes    0x00000000200000b0        0x4 ./Core/Src/Motor.o
                0x00000000200000b0                passes
 .bss.hi2c1     0x00000000200000b4       0x54 ./Core/Src/main.o
                0x00000000200000b4                hi2c1
 .bss.hi2c2     0x0000000020000108       0x54 ./Core/Src/main.o
                0x0000000020000108                hi2c2
 .bss.htim1     0x000000002000015c       0x48 ./Core/Src/main.o
                0x000000002000015c                htim1
 .bss.htim3     0x00000000200001a4       0x48 ./Core/Src/main.o
                0x00000000200001a4                htim3
 .bss.huart2    0x00000000200001ec       0x48 ./Core/Src/main.o
                0x00000000200001ec                huart2
 .bss.motor_handle
                0x0000000020000234      0x3b4 ./Core/Src/main.o
                0x0000000020000234                motor_handle
 .bss.i2c_handle
                0x00000000200005e8       0xf4 ./Core/Src/main.o
                0x00000000200005e8                i2c_handle
 .bss.left_direction_pin
                0x00000000200006dc        0x8 ./Core/Src/main.o
                0x00000000200006dc                left_direction_pin
 .bss.right_direction_pin
                0x00000000200006e4        0x8 ./Core/Src/main.o
                0x00000000200006e4                right_direction_pin
 .bss.motor_brake_pin
                0x00000000200006ec        0x8 ./Core/Src/main.o
                0x00000000200006ec                motor_brake_pin
 .bss.motor_enable_pin
                0x00000000200006f4        0x8 ./Core/Src/main.o
                0x00000000200006f4                motor_enable_pin
 .bss.motor_ready
                0x00000000200006fc        0x1 ./Core/Src/main.o
                0x00000000200006fc                motor_ready
 *fill*         0x00000000200006fd        0x3 
 .bss.uwTick    0x0000000020000700        0x4 ./Drivers/STM32F4xx_HAL_Driver/Src/stm32f4xx_hal.o
                0x0000000020000700                uwTick
 *(COMMON)
                0x0000000020000704                . = ALIGN (0x4)
                0x0000000020000704                _ebss = .
                0x0000000020000704                __bss_end__ = _ebss

._user_heap_stack
                0x0000000020000704      0x604 load address 0x0000000008008a14
                0x0000000020000708                . = ALIGN (0x8)
 *fill*         0x0000000020000704        0x4 
                [!provide]                        PROVIDE (end = .)
                0x0000000020000708                PROVIDE (_end = .)
                0x0000000020000908                . = (. + _Min_Heap_Size)
 *fill*         0x0000000020000708      0x200 
                0x0000000020000d08                . = (. + _Min_Stack_Size)
 *fill*         0x0000000020000908      0x400 
                0x0000000020000d08                . = ALIGN (0x8)

/DISCARD/
 libc.a(*)
 libm.a(*)
 libgcc.a(*)

.ARM.attributes
                0x0000000000000000       0x30
 *(.ARM.attributes)
 .ARM.attributes
                0x0000000000000000       0x1e /home/jared/st/stm32cubeide_1.14.0/plugins/com.st.stm32cube.ide.mcu.externaltools.gnu-tools-for-stm32.11.3.rel1.linux64_1.1.100.202309141235/tools/bin/../lib/gcc/arm-none-eabi/11.3.1/thumb/v7e-m+fp/hard/crti.o
 .ARM.attributes
                0x000000000000001e       0x34 /home/jared/st/stm32cubeide_1.14.0/plugins/com.st.stm32cube.ide.mcu.externaltools.gnu-tools-for-stm32.11.3.rel1.linux64_1.1.100.202309141235/tools/bin/../lib/gcc/arm-none-eabi/11.3.1/thumb/v7e-m+fp/hard/crtbegin.o
 .ARM.attributes
                0x0000000000000052       0x34 ./Core/Src/I2C_Controller.o
 .ARM.attributes
                0x0000000000000086       0x34 ./Core/Src/Motor.o
 .ARM.attributes
                0x00000000000000ba       0x34 ./Core/Src/Motor_Controller.o
 .ARM.attributes
                0x00000000000000ee       0x34 ./Core/Src/main.o
 .ARM.attributes
                0x0000000000000122       0x34 ./Core/Src/stm32f4xx_hal_msp.o
 .ARM.attributes
                0x0000000000000156       0x34 ./Core/Src/stm32f4xx_it.o
 .ARM.attributes
                0x000000000000018a       0x34 ./Core/Src/system_stm32f4xx.o
 .ARM.attributes
                0x00000000000001be       0x21 ./Core/Startup/startup_stm32f446retx.o
 .ARM.attributes
                0x00000000000001df       0x34 ./Drivers/STM32F4xx_HAL_Driver/Src/stm32f4xx_hal.o
 .ARM.attributes
                0x0000000000000213       0x34 ./Drivers/STM32F4xx_HAL_Driver/Src/stm32f4xx_hal_cortex.o
 .ARM.attributes
                0x0000000000000247       0x34 ./Drivers/STM32F4xx_HAL_Driver/Src/stm32f4xx_hal_dma.o
 .ARM.attributes
                0x000000000000027b       0x34 ./Drivers/STM32F4xx_HAL_Driver/Src/stm32f4xx_hal_gpio.o
 .ARM.attributes
                0x00000000000002af       0x34 ./Drivers/STM32F4xx_HAL_Driver/Src/stm32f4xx_hal_i2c.o
 .ARM.attributes
                0x00000000000002e3       0x34 ./Drivers/STM32F4xx_HAL_Driver/Src/stm32f4xx_hal_rcc.o
 .ARM.attributes
                0x0000000000000317       0x34 ./Drivers/STM32F4xx_HAL_Driver/Src/stm32f4xx_hal_rcc_ex.o
 .ARM.attributes
                0x000000000000034b       0x34 ./Drivers/STM32F4xx_HAL_Driver/Src/stm32f4xx_hal_tim.o
 .ARM.attributes
                0x000000000000037f       0x34 ./Drivers/STM32F4xx_HAL_Driver/Src/stm32f4xx_hal_tim_ex.o
 .ARM.attributes
                0x00000000000003b3       0x34 ./Drivers/STM32F4xx_HAL_Driver/Src/stm32f4xx_hal_uart.o
 .ARM.attributes
                0x00000000000003e7       0x34 /home/jared/st/stm32cubeide_1.14.0/plugins/com.st.stm32cube.ide.mcu.externaltools.gnu-tools-for-stm32.11.3.rel1.linux64_1.1.100.202309141235/tools/bin/../lib/gcc/arm-none-eabi/11.3.1/../../../../arm-none-eabi/lib/thumb/v7e-m+fp/hard/libc_nano.a(libc_a-memset.o)
 .ARM.attributes
                0x000000000000041b       0x34 /home/jared/st/stm32cubeide_1.14.0/plugins/com.st.stm32cube.ide.mcu.externaltools.gnu-tools-for-stm32.11.3.rel1.linux64_1.1.100.202309141235/tools/bin/../lib/gcc/arm-none-eabi/11.3.1/../../../../arm-none-eabi/lib/thumb/v7e-m+fp/hard/libc_nano.a(libc_a-init.o)
 .ARM.attributes
                0x000000000000044f       0x34 /home/jared/st/stm32cubeide_1.14.0/plugins/com.st.stm32cube.ide.mcu.externaltools.gnu-tools-for-stm32.11.3.rel1.linux64_1.1.100.202309141235/tools/bin/../lib/gcc/arm-none-eabi/11.3.1/../../../../arm-none-eabi/lib/thumb/v7e-m+fp/hard/libc_nano.a(libc_a-memcpy-stub.o)
 .ARM.attributes
                0x0000000000000483       0x1e /home/jared/st/stm32cubeide_1.14.0/plugins/com.st.stm32cube.ide.mcu.externaltools.gnu-tools-for-stm32.11.3.rel1.linux64_1.1.100.202309141235/tools/bin/../lib/gcc/arm-none-eabi/11.3.1/thumb/v7e-m+fp/hard/libgcc.a(_arm_addsubdf3.o)
 .ARM.attributes
                0x00000000000004a1       0x1e /home/jared/st/stm32cubeide_1.14.0/plugins/com.st.stm32cube.ide.mcu.externaltools.gnu-tools-for-stm32.11.3.rel1.linux64_1.1.100.202309141235/tools/bin/../lib/gcc/arm-none-eabi/11.3.1/thumb/v7e-m+fp/hard/libgcc.a(_arm_muldivdf3.o)
 .ARM.attributes
                0x00000000000004bf       0x1e /home/jared/st/stm32cubeide_1.14.0/plugins/com.st.stm32cube.ide.mcu.externaltools.gnu-tools-for-stm32.11.3.rel1.linux64_1.1.100.202309141235/tools/bin/../lib/gcc/arm-none-eabi/11.3.1/thumb/v7e-m+fp/hard/libgcc.a(_arm_cmpdf2.o)
 .ARM.attributes
                0x00000000000004dd       0x1e /home/jared/st/stm32cubeide_1.14.0/plugins/com.st.stm32cube.ide.mcu.externaltools.gnu-tools-for-stm32.11.3.rel1.linux64_1.1.100.202309141235/tools/bin/../lib/gcc/arm-none-eabi/11.3.1/thumb/v7e-m+fp/hard/libgcc.a(_arm_truncdfsf2.o)
 .ARM.attributes
                0x00000000000004fb       0x1e /home/jared/st/stm32cubeide_1.14.0/plugins/com.st.stm32cube.ide.mcu.externaltools.gnu-tools-for-stm32.11.3.rel1.linux64_1.1.100.202309141235/tools/bin/../lib/gcc/arm-none-eabi/11.3.1/thumb/v7e-m+fp/hard/libgcc.a(_aeabi_uldivmod.o)
 .ARM.attributes
                0x0000000000000519       0x34 /home/jared/st/stm32cubeide_1.14.0/plugins/com.st.stm32cube.ide.mcu.externaltools.gnu-tools-for-stm32.11.3.rel1.linux64_1.1.100.202309141235/tools/bin/../lib/gcc/arm-none-eabi/11.3.1/thumb/v7e-m+fp/hard/libgcc.a(_udivmoddi4.o)
 .ARM.attributes
                0x000000000000054d       0x1e /home/jared/st/stm32cubeide_1.14.0/plugins/com.st.stm32cube.ide.mcu.externaltools.gnu-tools-for-stm32.11.3.rel1.linux64_1.1.100.202309141235/tools/bin/../lib/gcc/arm-none-eabi/11.3.1/thumb/v7e-m+fp/hard/libgcc.a(_dvmd_tls.o)
 .ARM.attributes
                0x000000000000056b       0x1e /home/jared/st/stm32cubeide_1.14.0/plugins/com.st.stm32cube.ide.mcu.externaltools.gnu-tools-for-stm32.11.3.rel1.linux64_1.1.100.202309141235/tools/bin/../lib/gcc/arm-none-eabi/11.3.1/thumb/v7e-m+fp/hard/crtn.o
OUTPUT(STM32_F446RE.elf elf32-littlearm)
LOAD linker stubs
LOAD /home/jared/st/stm32cubeide_1.14.0/plugins/com.st.stm32cube.ide.mcu.externaltools.gnu-tools-for-stm32.11.3.rel1.linux64_1.1.100.202309141235/tools/bin/../lib/gcc/arm-none-eabi/11.3.1/../../../../arm-none-eabi/lib/thumb/v7e-m+fp/hard/libc.a
LOAD /home/jared/st/stm32cubeide_1.14.0/plugins/com.st.stm32cube.ide.mcu.externaltools.gnu-tools-for-stm32.11.3.rel1.linux64_1.1.100.202309141235/tools/bin/../lib/gcc/arm-none-eabi/11.3.1/../../../../arm-none-eabi/lib/thumb/v7e-m+fp/hard/libm.a
LOAD /home/jared/st/stm32cubeide_1.14.0/plugins/com.st.stm32cube.ide.mcu.externaltools.gnu-tools-for-stm32.11.3.rel1.linux64_1.1.100.202309141235/tools/bin/../lib/gcc/arm-none-eabi/11.3.1/thumb/v7e-m+fp/hard/libgcc.a

.comment        0x0000000000000000       0x43
 .comment       0x0000000000000000       0x43 /home/jared/st/stm32cubeide_1.14.0/plugins/com.st.stm32cube.ide.mcu.externaltools.gnu-tools-for-stm32.11.3.rel1.linux64_1.1.100.202309141235/tools/bin/../lib/gcc/arm-none-eabi/11.3.1/thumb/v7e-m+fp/hard/crtbegin.o
                                         0x44 (size before relaxing)
 .comment       0x0000000000000043       0x44 ./Core/Src/I2C_Controller.o
 .comment       0x0000000000000043       0x44 ./Core/Src/Motor.o
 .comment       0x0000000000000043       0x44 ./Core/Src/Motor_Controller.o
 .comment       0x0000000000000043       0x44 ./Core/Src/main.o
 .comment       0x0000000000000043       0x44 ./Core/Src/stm32f4xx_hal_msp.o
 .comment       0x0000000000000043       0x44 ./Core/Src/stm32f4xx_it.o
 .comment       0x0000000000000043       0x44 ./Core/Src/system_stm32f4xx.o
 .comment       0x0000000000000043       0x44 ./Drivers/STM32F4xx_HAL_Driver/Src/stm32f4xx_hal.o
 .comment       0x0000000000000043       0x44 ./Drivers/STM32F4xx_HAL_Driver/Src/stm32f4xx_hal_cortex.o
 .comment       0x0000000000000043       0x44 ./Drivers/STM32F4xx_HAL_Driver/Src/stm32f4xx_hal_dma.o
 .comment       0x0000000000000043       0x44 ./Drivers/STM32F4xx_HAL_Driver/Src/stm32f4xx_hal_gpio.o
 .comment       0x0000000000000043       0x44 ./Drivers/STM32F4xx_HAL_Driver/Src/stm32f4xx_hal_i2c.o
 .comment       0x0000000000000043       0x44 ./Drivers/STM32F4xx_HAL_Driver/Src/stm32f4xx_hal_rcc.o
 .comment       0x0000000000000043       0x44 ./Drivers/STM32F4xx_HAL_Driver/Src/stm32f4xx_hal_rcc_ex.o
 .comment       0x0000000000000043       0x44 ./Drivers/STM32F4xx_HAL_Driver/Src/stm32f4xx_hal_tim.o
 .comment       0x0000000000000043       0x44 ./Drivers/STM32F4xx_HAL_Driver/Src/stm32f4xx_hal_tim_ex.o
 .comment       0x0000000000000043       0x44 ./Drivers/STM32F4xx_HAL_Driver/Src/stm32f4xx_hal_uart.o

.debug_info     0x0000000000000000    0x151fe
 .debug_info    0x0000000000000000     0x144d ./Core/Src/I2C_Controller.o
 .debug_info    0x000000000000144d     0x1809 ./Core/Src/Motor.o
 .debug_info    0x0000000000002c56     0x1561 ./Core/Src/Motor_Controller.o
 .debug_info    0x00000000000041b7     0x2277 ./Core/Src/main.o
 .debug_info    0x000000000000642e     0x132f ./Core/Src/stm32f4xx_hal_msp.o
 .debug_info    0x000000000000775d      0xa08 ./Core/Src/stm32f4xx_it.o
 .debug_info    0x0000000000008165      0x54a ./Core/Src/system_stm32f4xx.o
 .debug_info    0x00000000000086af       0x23 ./Core/Startup/startup_stm32f446retx.o
 .debug_info    0x00000000000086d2      0x99a ./Drivers/STM32F4xx_HAL_Driver/Src/stm32f4xx_hal.o
 .debug_info    0x000000000000906c      0xd75 ./Drivers/STM32F4xx_HAL_Driver/Src/stm32f4xx_hal_cortex.o
 .debug_info    0x0000000000009de1      0x8e7 ./Drivers/STM32F4xx_HAL_Driver/Src/stm32f4xx_hal_dma.o
 .debug_info    0x000000000000a6c8      0x70b ./Drivers/STM32F4xx_HAL_Driver/Src/stm32f4xx_hal_gpio.o
 .debug_info    0x000000000000add3     0x2421 ./Drivers/STM32F4xx_HAL_Driver/Src/stm32f4xx_hal_i2c.o
 .debug_info    0x000000000000d1f4      0x8ed ./Drivers/STM32F4xx_HAL_Driver/Src/stm32f4xx_hal_rcc.o
 .debug_info    0x000000000000dae1      0x956 ./Drivers/STM32F4xx_HAL_Driver/Src/stm32f4xx_hal_rcc_ex.o
 .debug_info    0x000000000000e437     0x299d ./Drivers/STM32F4xx_HAL_Driver/Src/stm32f4xx_hal_tim.o
 .debug_info    0x0000000000010dd4     0x14db ./Drivers/STM32F4xx_HAL_Driver/Src/stm32f4xx_hal_tim_ex.o
 .debug_info    0x00000000000122af     0x2f4f ./Drivers/STM32F4xx_HAL_Driver/Src/stm32f4xx_hal_uart.o

.debug_abbrev   0x0000000000000000     0x2a61
 .debug_abbrev  0x0000000000000000      0x2e5 ./Core/Src/I2C_Controller.o
 .debug_abbrev  0x00000000000002e5      0x355 ./Core/Src/Motor.o
 .debug_abbrev  0x000000000000063a      0x2ef ./Core/Src/Motor_Controller.o
 .debug_abbrev  0x0000000000000929      0x36e ./Core/Src/main.o
 .debug_abbrev  0x0000000000000c97      0x21f ./Core/Src/stm32f4xx_hal_msp.o
 .debug_abbrev  0x0000000000000eb6      0x195 ./Core/Src/stm32f4xx_it.o
 .debug_abbrev  0x000000000000104b      0x11a ./Core/Src/system_stm32f4xx.o
 .debug_abbrev  0x0000000000001165       0x12 ./Core/Startup/startup_stm32f446retx.o
 .debug_abbrev  0x0000000000001177      0x214 ./Drivers/STM32F4xx_HAL_Driver/Src/stm32f4xx_hal.o
 .debug_abbrev  0x000000000000138b      0x328 ./Drivers/STM32F4xx_HAL_Driver/Src/stm32f4xx_hal_cortex.o
 .debug_abbrev  0x00000000000016b3      0x264 ./Drivers/STM32F4xx_HAL_Driver/Src/stm32f4xx_hal_dma.o
 .debug_abbrev  0x0000000000001917      0x1d4 ./Drivers/STM32F4xx_HAL_Driver/Src/stm32f4xx_hal_gpio.o
 .debug_abbrev  0x0000000000001aeb      0x2ad ./Drivers/STM32F4xx_HAL_Driver/Src/stm32f4xx_hal_i2c.o
 .debug_abbrev  0x0000000000001d98      0x2b6 ./Drivers/STM32F4xx_HAL_Driver/Src/stm32f4xx_hal_rcc.o
 .debug_abbrev  0x000000000000204e      0x20a ./Drivers/STM32F4xx_HAL_Driver/Src/stm32f4xx_hal_rcc_ex.o
 .debug_abbrev  0x0000000000002258      0x278 ./Drivers/STM32F4xx_HAL_Driver/Src/stm32f4xx_hal_tim.o
 .debug_abbrev  0x00000000000024d0      0x283 ./Drivers/STM32F4xx_HAL_Driver/Src/stm32f4xx_hal_tim_ex.o
 .debug_abbrev  0x0000000000002753      0x30e ./Drivers/STM32F4xx_HAL_Driver/Src/stm32f4xx_hal_uart.o

.debug_aranges  0x0000000000000000     0x1250
 .debug_aranges
                0x0000000000000000       0x90 ./Core/Src/I2C_Controller.o
 .debug_aranges
                0x0000000000000090      0x138 ./Core/Src/Motor.o
 .debug_aranges
                0x00000000000001c8       0xc8 ./Core/Src/Motor_Controller.o
 .debug_aranges
                0x0000000000000290       0xc8 ./Core/Src/main.o
 .debug_aranges
                0x0000000000000358       0x50 ./Core/Src/stm32f4xx_hal_msp.o
 .debug_aranges
                0x00000000000003a8       0x78 ./Core/Src/stm32f4xx_it.o
 .debug_aranges
                0x0000000000000420       0x28 ./Core/Src/system_stm32f4xx.o
 .debug_aranges
                0x0000000000000448       0x28 ./Core/Startup/startup_stm32f446retx.o
 .debug_aranges
                0x0000000000000470       0xf0 ./Drivers/STM32F4xx_HAL_Driver/Src/stm32f4xx_hal.o
 .debug_aranges
                0x0000000000000560      0x120 ./Drivers/STM32F4xx_HAL_Driver/Src/stm32f4xx_hal_cortex.o
 .debug_aranges
                0x0000000000000680       0x90 ./Drivers/STM32F4xx_HAL_Driver/Src/stm32f4xx_hal_dma.o
 .debug_aranges
                0x0000000000000710       0x58 ./Drivers/STM32F4xx_HAL_Driver/Src/stm32f4xx_hal_gpio.o
 .debug_aranges
                0x0000000000000768      0x2a8 ./Drivers/STM32F4xx_HAL_Driver/Src/stm32f4xx_hal_i2c.o
 .debug_aranges
                0x0000000000000a10       0x88 ./Drivers/STM32F4xx_HAL_Driver/Src/stm32f4xx_hal_rcc.o
 .debug_aranges
                0x0000000000000a98       0x78 ./Drivers/STM32F4xx_HAL_Driver/Src/stm32f4xx_hal_rcc_ex.o
 .debug_aranges
                0x0000000000000b10      0x3d0 ./Drivers/STM32F4xx_HAL_Driver/Src/stm32f4xx_hal_tim.o
 .debug_aranges
                0x0000000000000ee0      0x168 ./Drivers/STM32F4xx_HAL_Driver/Src/stm32f4xx_hal_tim_ex.o
 .debug_aranges
                0x0000000000001048      0x208 ./Drivers/STM32F4xx_HAL_Driver/Src/stm32f4xx_hal_uart.o

.debug_rnglists
                0x0000000000000000      0xe81
 .debug_rnglists
                0x0000000000000000       0x6a ./Core/Src/I2C_Controller.o
 .debug_rnglists
                0x000000000000006a       0xec ./Core/Src/Motor.o
 .debug_rnglists
                0x0000000000000156       0xa4 ./Core/Src/Motor_Controller.o
 .debug_rnglists
                0x00000000000001fa       0x98 ./Core/Src/main.o
 .debug_rnglists
                0x0000000000000292       0x3a ./Core/Src/stm32f4xx_hal_msp.o
 .debug_rnglists
                0x00000000000002cc       0x55 ./Core/Src/stm32f4xx_it.o
 .debug_rnglists
                0x0000000000000321       0x1a ./Core/Src/system_stm32f4xx.o
 .debug_rnglists
                0x000000000000033b       0x19 ./Core/Startup/startup_stm32f446retx.o
 .debug_rnglists
                0x0000000000000354       0xaf ./Drivers/STM32F4xx_HAL_Driver/Src/stm32f4xx_hal.o
 .debug_rnglists
                0x0000000000000403       0xd4 ./Drivers/STM32F4xx_HAL_Driver/Src/stm32f4xx_hal_cortex.o
 .debug_rnglists
                0x00000000000004d7       0x70 ./Drivers/STM32F4xx_HAL_Driver/Src/stm32f4xx_hal_dma.o
 .debug_rnglists
                0x0000000000000547       0x3f ./Drivers/STM32F4xx_HAL_Driver/Src/stm32f4xx_hal_gpio.o
 .debug_rnglists
                0x0000000000000586      0x23c ./Drivers/STM32F4xx_HAL_Driver/Src/stm32f4xx_hal_i2c.o
 .debug_rnglists
                0x00000000000007c2       0x66 ./Drivers/STM32F4xx_HAL_Driver/Src/stm32f4xx_hal_rcc.o
 .debug_rnglists
                0x0000000000000828       0x5e ./Drivers/STM32F4xx_HAL_Driver/Src/stm32f4xx_hal_rcc_ex.o
 .debug_rnglists
                0x0000000000000886      0x31a ./Drivers/STM32F4xx_HAL_Driver/Src/stm32f4xx_hal_tim.o
 .debug_rnglists
                0x0000000000000ba0      0x125 ./Drivers/STM32F4xx_HAL_Driver/Src/stm32f4xx_hal_tim_ex.o
 .debug_rnglists
                0x0000000000000cc5      0x1bc ./Drivers/STM32F4xx_HAL_Driver/Src/stm32f4xx_hal_uart.o

.debug_macro    0x0000000000000000    0x22c51
 .debug_macro   0x0000000000000000      0x2fe ./Core/Src/I2C_Controller.o
 .debug_macro   0x00000000000002fe      0xaa8 ./Core/Src/I2C_Controller.o
 .debug_macro   0x0000000000000da6      0x2a1 ./Core/Src/I2C_Controller.o
 .debug_macro   0x0000000000001047       0x2e ./Core/Src/I2C_Controller.o
 .debug_macro   0x0000000000001075       0x28 ./Core/Src/I2C_Controller.o
 .debug_macro   0x000000000000109d       0x22 ./Core/Src/I2C_Controller.o
 .debug_macro   0x00000000000010bf       0x8e ./Core/Src/I2C_Controller.o
 .debug_macro   0x000000000000114d       0x51 ./Core/Src/I2C_Controller.o
 .debug_macro   0x000000000000119e      0x103 ./Core/Src/I2C_Controller.o
 .debug_macro   0x00000000000012a1       0x6a ./Core/Src/I2C_Controller.o
 .debug_macro   0x000000000000130b      0x1df ./Core/Src/I2C_Controller.o
 .debug_macro   0x00000000000014ea       0x1c ./Core/Src/I2C_Controller.o
 .debug_macro   0x0000000000001506       0x22 ./Core/Src/I2C_Controller.o
 .debug_macro   0x0000000000001528       0xfb ./Core/Src/I2C_Controller.o
 .debug_macro   0x0000000000001623     0x1011 ./Core/Src/I2C_Controller.o
 .debug_macro   0x0000000000002634      0x11f ./Core/Src/I2C_Controller.o
 .debug_macro   0x0000000000002753    0x16749 ./Core/Src/I2C_Controller.o
 .debug_macro   0x0000000000018e9c       0x6d ./Core/Src/I2C_Controller.o
 .debug_macro   0x0000000000018f09     0x368c ./Core/Src/I2C_Controller.o
 .debug_macro   0x000000000001c595      0x174 ./Core/Src/I2C_Controller.o
 .debug_macro   0x000000000001c709       0x5c ./Core/Src/I2C_Controller.o
 .debug_macro   0x000000000001c765      0xca5 ./Core/Src/I2C_Controller.o
 .debug_macro   0x000000000001d40a      0x9e9 ./Core/Src/I2C_Controller.o
 .debug_macro   0x000000000001ddf3      0x115 ./Core/Src/I2C_Controller.o
 .debug_macro   0x000000000001df08      0x1a0 ./Core/Src/I2C_Controller.o
 .debug_macro   0x000000000001e0a8       0xa5 ./Core/Src/I2C_Controller.o
 .debug_macro   0x000000000001e14d      0x16d ./Core/Src/I2C_Controller.o
 .debug_macro   0x000000000001e2ba      0x287 ./Core/Src/I2C_Controller.o
 .debug_macro   0x000000000001e541       0x5f ./Core/Src/I2C_Controller.o
 .debug_macro   0x000000000001e5a0      0x236 ./Core/Src/I2C_Controller.o
 .debug_macro   0x000000000001e7d6      0x132 ./Core/Src/I2C_Controller.o
 .debug_macro   0x000000000001e908      0x29c ./Core/Src/I2C_Controller.o
 .debug_macro   0x000000000001eba4       0x2e ./Core/Src/I2C_Controller.o
 .debug_macro   0x000000000001ebd2      0x1b5 ./Core/Src/I2C_Controller.o
 .debug_macro   0x000000000001ed87       0x22 ./Core/Src/I2C_Controller.o
 .debug_macro   0x000000000001eda9       0xd6 ./Core/Src/I2C_Controller.o
 .debug_macro   0x000000000001ee7f      0x127 ./Core/Src/I2C_Controller.o
 .debug_macro   0x000000000001efa6       0xe8 ./Core/Src/I2C_Controller.o
 .debug_macro   0x000000000001f08e       0x89 ./Core/Src/I2C_Controller.o
 .debug_macro   0x000000000001f117      0x8ed ./Core/Src/I2C_Controller.o
 .debug_macro   0x000000000001fa04       0x53 ./Core/Src/I2C_Controller.o
 .debug_macro   0x000000000001fa57      0x2aa ./Core/Src/I2C_Controller.o
 .debug_macro   0x000000000001fd01      0x126 ./Core/Src/I2C_Controller.o
 .debug_macro   0x000000000001fe27      0x106 ./Core/Src/I2C_Controller.o
 .debug_macro   0x000000000001ff2d       0x61 ./Core/Src/I2C_Controller.o
 .debug_macro   0x000000000001ff8e       0x2a ./Core/Src/I2C_Controller.o
 .debug_macro   0x000000000001ffb8       0x43 ./Core/Src/I2C_Controller.o
 .debug_macro   0x000000000001fffb       0x34 ./Core/Src/I2C_Controller.o
 .debug_macro   0x000000000002002f       0x1c ./Core/Src/I2C_Controller.o
 .debug_macro   0x000000000002004b       0x22 ./Core/Src/I2C_Controller.o
 .debug_macro   0x000000000002006d       0xac ./Core/Src/I2C_Controller.o
 .debug_macro   0x0000000000020119       0x28 ./Core/Src/I2C_Controller.o
 .debug_macro   0x0000000000020141       0x16 ./Core/Src/I2C_Controller.o
 .debug_macro   0x0000000000020157       0x43 ./Core/Src/I2C_Controller.o
 .debug_macro   0x000000000002019a       0x34 ./Core/Src/I2C_Controller.o
 .debug_macro   0x00000000000201ce       0x10 ./Core/Src/I2C_Controller.o
 .debug_macro   0x00000000000201de       0x58 ./Core/Src/I2C_Controller.o
 .debug_macro   0x0000000000020236       0x8e ./Core/Src/I2C_Controller.o
 .debug_macro   0x00000000000202c4       0x16 ./Core/Src/I2C_Controller.o
 .debug_macro   0x00000000000202da      0x177 ./Core/Src/I2C_Controller.o
 .debug_macro   0x0000000000020451      0x369 ./Core/Src/I2C_Controller.o
 .debug_macro   0x00000000000207ba       0x10 ./Core/Src/I2C_Controller.o
 .debug_macro   0x00000000000207ca       0x35 ./Core/Src/I2C_Controller.o
 .debug_macro   0x00000000000207ff       0x20 ./Core/Src/I2C_Controller.o
 .debug_macro   0x000000000002081f      0x366 ./Core/Src/Motor.o
 .debug_macro   0x0000000000020b85      0x19b ./Core/Src/Motor.o
 .debug_macro   0x0000000000020d20      0x25d ./Core/Src/Motor_Controller.o
 .debug_macro   0x0000000000020f7d      0x311 ./Core/Src/main.o
 .debug_macro   0x000000000002128e      0x1f6 ./Core/Src/stm32f4xx_hal_msp.o
 .debug_macro   0x0000000000021484      0x200 ./Core/Src/stm32f4xx_it.o
 .debug_macro   0x0000000000021684      0x1e7 ./Core/Src/system_stm32f4xx.o
 .debug_macro   0x000000000002186b      0x247 ./Drivers/STM32F4xx_HAL_Driver/Src/stm32f4xx_hal.o
 .debug_macro   0x0000000000021ab2      0x1e7 ./Drivers/STM32F4xx_HAL_Driver/Src/stm32f4xx_hal_cortex.o
 .debug_macro   0x0000000000021c99      0x1ed ./Drivers/STM32F4xx_HAL_Driver/Src/stm32f4xx_hal_dma.o
 .debug_macro   0x0000000000021e86      0x1ed ./Drivers/STM32F4xx_HAL_Driver/Src/stm32f4xx_hal_gpio.o
 .debug_macro   0x0000000000022073      0x235 ./Drivers/STM32F4xx_HAL_Driver/Src/stm32f4xx_hal_i2c.o
 .debug_macro   0x00000000000222a8      0x20b ./Drivers/STM32F4xx_HAL_Driver/Src/stm32f4xx_hal_rcc.o
 .debug_macro   0x00000000000224b3      0x1e7 ./Drivers/STM32F4xx_HAL_Driver/Src/stm32f4xx_hal_rcc_ex.o
 .debug_macro   0x000000000002269a      0x1e8 ./Drivers/STM32F4xx_HAL_Driver/Src/stm32f4xx_hal_tim.o
 .debug_macro   0x0000000000022882      0x1e7 ./Drivers/STM32F4xx_HAL_Driver/Src/stm32f4xx_hal_tim_ex.o
 .debug_macro   0x0000000000022a69      0x1e8 ./Drivers/STM32F4xx_HAL_Driver/Src/stm32f4xx_hal_uart.o

.debug_line     0x0000000000000000    0x159b9
 .debug_line    0x0000000000000000      0xc17 ./Core/Src/I2C_Controller.o
 .debug_line    0x0000000000000c17     0x12c3 ./Core/Src/Motor.o
 .debug_line    0x0000000000001eda     0x104c ./Core/Src/Motor_Controller.o
 .debug_line    0x0000000000002f26      0xcfd ./Core/Src/main.o
 .debug_line    0x0000000000003c23      0x822 ./Core/Src/stm32f4xx_hal_msp.o
 .debug_line    0x0000000000004445      0x7eb ./Core/Src/stm32f4xx_it.o
 .debug_line    0x0000000000004c30      0x762 ./Core/Src/system_stm32f4xx.o
 .debug_line    0x0000000000005392       0x7a ./Core/Startup/startup_stm32f446retx.o
 .debug_line    0x000000000000540c      0x9c8 ./Drivers/STM32F4xx_HAL_Driver/Src/stm32f4xx_hal.o
 .debug_line    0x0000000000005dd4      0xc94 ./Drivers/STM32F4xx_HAL_Driver/Src/stm32f4xx_hal_cortex.o
 .debug_line    0x0000000000006a68      0xf2c ./Drivers/STM32F4xx_HAL_Driver/Src/stm32f4xx_hal_dma.o
 .debug_line    0x0000000000007994      0xb28 ./Drivers/STM32F4xx_HAL_Driver/Src/stm32f4xx_hal_gpio.o
 .debug_line    0x00000000000084bc     0x3a2a ./Drivers/STM32F4xx_HAL_Driver/Src/stm32f4xx_hal_i2c.o
 .debug_line    0x000000000000bee6      0xd4d ./Drivers/STM32F4xx_HAL_Driver/Src/stm32f4xx_hal_rcc.o
 .debug_line    0x000000000000cc33     0x13e9 ./Drivers/STM32F4xx_HAL_Driver/Src/stm32f4xx_hal_rcc_ex.o
 .debug_line    0x000000000000e01c     0x3754 ./Drivers/STM32F4xx_HAL_Driver/Src/stm32f4xx_hal_tim.o
 .debug_line    0x0000000000011770     0x19c4 ./Drivers/STM32F4xx_HAL_Driver/Src/stm32f4xx_hal_tim_ex.o
 .debug_line    0x0000000000013134     0x2885 ./Drivers/STM32F4xx_HAL_Driver/Src/stm32f4xx_hal_uart.o

.debug_str      0x0000000000000000    0xd4ad5
 .debug_str     0x0000000000000000    0xcf1d0 ./Core/Src/I2C_Controller.o
                                      0xcf66a (size before relaxing)
 .debug_str     0x00000000000cf1d0     0x1208 ./Core/Src/Motor.o
                                      0xcfe2e (size before relaxing)
 .debug_str     0x00000000000d03d8      0x2c3 ./Core/Src/Motor_Controller.o
                                      0xcc60f (size before relaxing)
 .debug_str     0x00000000000d069b      0x745 ./Core/Src/main.o
                                      0xd01f6 (size before relaxing)
 .debug_str     0x00000000000d0de0      0x623 ./Core/Src/stm32f4xx_hal_msp.o
                                      0xcc482 (size before relaxing)
 .debug_str     0x00000000000d1403      0x13e ./Core/Src/stm32f4xx_it.o
                                      0xcbbea (size before relaxing)
 .debug_str     0x00000000000d1541       0xcb ./Core/Src/system_stm32f4xx.o
                                      0xcb07d (size before relaxing)
 .debug_str     0x00000000000d160c       0x34 ./Core/Startup/startup_stm32f446retx.o
                                         0x63 (size before relaxing)
 .debug_str     0x00000000000d1640      0x5ee ./Drivers/STM32F4xx_HAL_Driver/Src/stm32f4xx_hal.o
                                      0xcbc42 (size before relaxing)
 .debug_str     0x00000000000d1c2e      0x330 ./Drivers/STM32F4xx_HAL_Driver/Src/stm32f4xx_hal_cortex.o
                                      0xcb967 (size before relaxing)
 .debug_str     0x00000000000d1f5e      0x323 ./Drivers/STM32F4xx_HAL_Driver/Src/stm32f4xx_hal_dma.o
                                      0xcb472 (size before relaxing)
 .debug_str     0x00000000000d2281      0x107 ./Drivers/STM32F4xx_HAL_Driver/Src/stm32f4xx_hal_gpio.o
                                      0xcb1f8 (size before relaxing)
 .debug_str     0x00000000000d2388      0x9d3 ./Drivers/STM32F4xx_HAL_Driver/Src/stm32f4xx_hal_i2c.o
                                      0xcc07b (size before relaxing)
 .debug_str     0x00000000000d2d5b      0x213 ./Drivers/STM32F4xx_HAL_Driver/Src/stm32f4xx_hal_rcc.o
                                      0xcb4b6 (size before relaxing)
 .debug_str     0x00000000000d2f6e      0x324 ./Drivers/STM32F4xx_HAL_Driver/Src/stm32f4xx_hal_rcc_ex.o
                                      0xcb4e9 (size before relaxing)
 .debug_str     0x00000000000d3292      0xdad ./Drivers/STM32F4xx_HAL_Driver/Src/stm32f4xx_hal_tim.o
                                      0xcc3e2 (size before relaxing)
 .debug_str     0x00000000000d403f      0x493 ./Drivers/STM32F4xx_HAL_Driver/Src/stm32f4xx_hal_tim_ex.o
                                      0xcbbee (size before relaxing)
 .debug_str     0x00000000000d44d2      0x603 ./Drivers/STM32F4xx_HAL_Driver/Src/stm32f4xx_hal_uart.o
                                      0xcba6d (size before relaxing)

.debug_frame    0x0000000000000000     0x50cc
 .debug_frame   0x0000000000000000      0x238 ./Core/Src/I2C_Controller.o
 .debug_frame   0x0000000000000238      0x560 ./Core/Src/Motor.o
 .debug_frame   0x0000000000000798      0x348 ./Core/Src/Motor_Controller.o
 .debug_frame   0x0000000000000ae0      0x304 ./Core/Src/main.o
 .debug_frame   0x0000000000000de4      0x10c ./Core/Src/stm32f4xx_hal_msp.o
 .debug_frame   0x0000000000000ef0      0x158 ./Core/Src/stm32f4xx_it.o
 .debug_frame   0x0000000000001048       0x58 ./Core/Src/system_stm32f4xx.o
 .debug_frame   0x00000000000010a0      0x374 ./Drivers/STM32F4xx_HAL_Driver/Src/stm32f4xx_hal.o
 .debug_frame   0x0000000000001414      0x4b8 ./Drivers/STM32F4xx_HAL_Driver/Src/stm32f4xx_hal_cortex.o
 .debug_frame   0x00000000000018cc      0x250 ./Drivers/STM32F4xx_HAL_Driver/Src/stm32f4xx_hal_dma.o
 .debug_frame   0x0000000000001b1c      0x14c ./Drivers/STM32F4xx_HAL_Driver/Src/stm32f4xx_hal_gpio.o
 .debug_frame   0x0000000000001c68      0xc84 ./Drivers/STM32F4xx_HAL_Driver/Src/stm32f4xx_hal_i2c.o
 .debug_frame   0x00000000000028ec      0x1f4 ./Drivers/STM32F4xx_HAL_Driver/Src/stm32f4xx_hal_rcc.o
 .debug_frame   0x0000000000002ae0      0x1e8 ./Drivers/STM32F4xx_HAL_Driver/Src/stm32f4xx_hal_rcc_ex.o
 .debug_frame   0x0000000000002cc8     0x11c0 ./Drivers/STM32F4xx_HAL_Driver/Src/stm32f4xx_hal_tim.o
 .debug_frame   0x0000000000003e88      0x638 ./Drivers/STM32F4xx_HAL_Driver/Src/stm32f4xx_hal_tim_ex.o
 .debug_frame   0x00000000000044c0      0x954 ./Drivers/STM32F4xx_HAL_Driver/Src/stm32f4xx_hal_uart.o
 .debug_frame   0x0000000000004e14       0x20 /home/jared/st/stm32cubeide_1.14.0/plugins/com.st.stm32cube.ide.mcu.externaltools.gnu-tools-for-stm32.11.3.rel1.linux64_1.1.100.202309141235/tools/bin/../lib/gcc/arm-none-eabi/11.3.1/../../../../arm-none-eabi/lib/thumb/v7e-m+fp/hard/libc_nano.a(libc_a-memset.o)
 .debug_frame   0x0000000000004e34       0x2c /home/jared/st/stm32cubeide_1.14.0/plugins/com.st.stm32cube.ide.mcu.externaltools.gnu-tools-for-stm32.11.3.rel1.linux64_1.1.100.202309141235/tools/bin/../lib/gcc/arm-none-eabi/11.3.1/../../../../arm-none-eabi/lib/thumb/v7e-m+fp/hard/libc_nano.a(libc_a-init.o)
 .debug_frame   0x0000000000004e60       0x28 /home/jared/st/stm32cubeide_1.14.0/plugins/com.st.stm32cube.ide.mcu.externaltools.gnu-tools-for-stm32.11.3.rel1.linux64_1.1.100.202309141235/tools/bin/../lib/gcc/arm-none-eabi/11.3.1/../../../../arm-none-eabi/lib/thumb/v7e-m+fp/hard/libc_nano.a(libc_a-memcpy-stub.o)
 .debug_frame   0x0000000000004e88       0xac /home/jared/st/stm32cubeide_1.14.0/plugins/com.st.stm32cube.ide.mcu.externaltools.gnu-tools-for-stm32.11.3.rel1.linux64_1.1.100.202309141235/tools/bin/../lib/gcc/arm-none-eabi/11.3.1/thumb/v7e-m+fp/hard/libgcc.a(_arm_addsubdf3.o)
 .debug_frame   0x0000000000004f34       0x50 /home/jared/st/stm32cubeide_1.14.0/plugins/com.st.stm32cube.ide.mcu.externaltools.gnu-tools-for-stm32.11.3.rel1.linux64_1.1.100.202309141235/tools/bin/../lib/gcc/arm-none-eabi/11.3.1/thumb/v7e-m+fp/hard/libgcc.a(_arm_muldivdf3.o)
 .debug_frame   0x0000000000004f84       0xc4 /home/jared/st/stm32cubeide_1.14.0/plugins/com.st.stm32cube.ide.mcu.externaltools.gnu-tools-for-stm32.11.3.rel1.linux64_1.1.100.202309141235/tools/bin/../lib/gcc/arm-none-eabi/11.3.1/thumb/v7e-m+fp/hard/libgcc.a(_arm_cmpdf2.o)
 .debug_frame   0x0000000000005048       0x24 /home/jared/st/stm32cubeide_1.14.0/plugins/com.st.stm32cube.ide.mcu.externaltools.gnu-tools-for-stm32.11.3.rel1.linux64_1.1.100.202309141235/tools/bin/../lib/gcc/arm-none-eabi/11.3.1/thumb/v7e-m+fp/hard/libgcc.a(_arm_truncdfsf2.o)
 .debug_frame   0x000000000000506c       0x2c /home/jared/st/stm32cubeide_1.14.0/plugins/com.st.stm32cube.ide.mcu.externaltools.gnu-tools-for-stm32.11.3.rel1.linux64_1.1.100.202309141235/tools/bin/../lib/gcc/arm-none-eabi/11.3.1/thumb/v7e-m+fp/hard/libgcc.a(_aeabi_uldivmod.o)
 .debug_frame   0x0000000000005098       0x34 /home/jared/st/stm32cubeide_1.14.0/plugins/com.st.stm32cube.ide.mcu.externaltools.gnu-tools-for-stm32.11.3.rel1.linux64_1.1.100.202309141235/tools/bin/../lib/gcc/arm-none-eabi/11.3.1/thumb/v7e-m+fp/hard/libgcc.a(_udivmoddi4.o)

.debug_line_str
                0x0000000000000000       0x57
 .debug_line_str
                0x0000000000000000       0x57 ./Core/Startup/startup_stm32f446retx.o
                                         0x6f (size before relaxing)
