../Core/Src/main.c:89:6:HAL_I2C_ListenCpltCallback	16	static
../Core/Src/main.c:93:6:HAL_I2C_ErrorCallback	16	static
../Core/Src/main.c:97:6:HAL_I2C_AddrCallback	16	static
../Core/Src/main.c:102:6:HAL_I2C_SlaveRxCpltCallback	16	static
../Core/Src/main.c:106:6:HAL_I2C_SlaveTxCpltCallback	16	static
../Core/Src/main.c:111:6:HAL_TIM_PeriodElapsedCallback	16	static
../Core/Src/main.c:122:6:Get_Command_Data	24	static
../Core/Src/main.c:135:6:Get_Motor_State	24	static
../Core/Src/main.c:149:6:Update_I2C_Read_State	112	static
../Core/Src/main.c:166:6:Update_Motors	16	static
../Core/Src/main.c:191:6:Update_Next_Motor_Command	24	static
../Core/Src/main.c:223:6:Run_Motor_Command_Calibrate	16	static
../Core/Src/main.c:267:6:Init_Motor_Controller	40	static
../Core/Src/main.c:310:5:main	16	static
../Core/Src/main.c:374:6:SystemClock_Config	88	static
../Core/Src/main.c:422:13:MX_I2C1_Init	8	static
../Core/Src/main.c:456:13:MX_I2C2_Init	8	static
../Core/Src/main.c:490:13:MX_TIM1_Init	32	static
../Core/Src/main.c:536:13:MX_TIM3_Init	32	static
../Core/Src/main.c:581:13:MX_USART2_UART_Init	8	static
../Core/Src/main.c:614:13:MX_GPIO_Init	48	static
../Core/Src/main.c:678:6:Error_Handler	8	static,ignoring_inline_asm
